Archive member included to satisfy reference by file (symbol)

C:/ST/STM32CubeIDE_1.13.2/STM32CubeIDE/plugins/com.st.stm32cube.ide.mcu.externaltools.gnu-tools-for-stm32.11.3.rel1.win32_1.1.1.202309131626/tools/bin/../lib/gcc/arm-none-eabi/11.3.1/../../../../arm-none-eabi/lib/thumb/v7-m/nofp\libc_nano.a(libc_a-exit.o)
                              C:/ST/STM32CubeIDE_1.13.2/STM32CubeIDE/plugins/com.st.stm32cube.ide.mcu.externaltools.gnu-tools-for-stm32.11.3.rel1.win32_1.1.1.202309131626/tools/bin/../lib/gcc/arm-none-eabi/11.3.1/../../../../arm-none-eabi/lib/thumb/v7-m/nofp/crt0.o (exit)
C:/ST/STM32CubeIDE_1.13.2/STM32CubeIDE/plugins/com.st.stm32cube.ide.mcu.externaltools.gnu-tools-for-stm32.11.3.rel1.win32_1.1.1.202309131626/tools/bin/../lib/gcc/arm-none-eabi/11.3.1/../../../../arm-none-eabi/lib/thumb/v7-m/nofp\libc_nano.a(libc_a-findfp.o)
                              C:/ST/STM32CubeIDE_1.13.2/STM32CubeIDE/plugins/com.st.stm32cube.ide.mcu.externaltools.gnu-tools-for-stm32.11.3.rel1.win32_1.1.1.202309131626/tools/bin/../lib/gcc/arm-none-eabi/11.3.1/../../../../arm-none-eabi/lib/thumb/v7-m/nofp\libc_nano.a(libc_a-exit.o) (__stdio_exit_handler)
C:/ST/STM32CubeIDE_1.13.2/STM32CubeIDE/plugins/com.st.stm32cube.ide.mcu.externaltools.gnu-tools-for-stm32.11.3.rel1.win32_1.1.1.202309131626/tools/bin/../lib/gcc/arm-none-eabi/11.3.1/../../../../arm-none-eabi/lib/thumb/v7-m/nofp\libc_nano.a(libc_a-fwalk.o)
                              C:/ST/STM32CubeIDE_1.13.2/STM32CubeIDE/plugins/com.st.stm32cube.ide.mcu.externaltools.gnu-tools-for-stm32.11.3.rel1.win32_1.1.1.202309131626/tools/bin/../lib/gcc/arm-none-eabi/11.3.1/../../../../arm-none-eabi/lib/thumb/v7-m/nofp\libc_nano.a(libc_a-findfp.o) (_fwalk_sglue)
C:/ST/STM32CubeIDE_1.13.2/STM32CubeIDE/plugins/com.st.stm32cube.ide.mcu.externaltools.gnu-tools-for-stm32.11.3.rel1.win32_1.1.1.202309131626/tools/bin/../lib/gcc/arm-none-eabi/11.3.1/../../../../arm-none-eabi/lib/thumb/v7-m/nofp\libc_nano.a(libc_a-stdio.o)
                              C:/ST/STM32CubeIDE_1.13.2/STM32CubeIDE/plugins/com.st.stm32cube.ide.mcu.externaltools.gnu-tools-for-stm32.11.3.rel1.win32_1.1.1.202309131626/tools/bin/../lib/gcc/arm-none-eabi/11.3.1/../../../../arm-none-eabi/lib/thumb/v7-m/nofp\libc_nano.a(libc_a-findfp.o) (__sread)
C:/ST/STM32CubeIDE_1.13.2/STM32CubeIDE/plugins/com.st.stm32cube.ide.mcu.externaltools.gnu-tools-for-stm32.11.3.rel1.win32_1.1.1.202309131626/tools/bin/../lib/gcc/arm-none-eabi/11.3.1/../../../../arm-none-eabi/lib/thumb/v7-m/nofp\libc_nano.a(libc_a-memset.o)
                              C:/ST/STM32CubeIDE_1.13.2/STM32CubeIDE/plugins/com.st.stm32cube.ide.mcu.externaltools.gnu-tools-for-stm32.11.3.rel1.win32_1.1.1.202309131626/tools/bin/../lib/gcc/arm-none-eabi/11.3.1/../../../../arm-none-eabi/lib/thumb/v7-m/nofp/crt0.o (memset)
C:/ST/STM32CubeIDE_1.13.2/STM32CubeIDE/plugins/com.st.stm32cube.ide.mcu.externaltools.gnu-tools-for-stm32.11.3.rel1.win32_1.1.1.202309131626/tools/bin/../lib/gcc/arm-none-eabi/11.3.1/../../../../arm-none-eabi/lib/thumb/v7-m/nofp\libc_nano.a(libc_a-closer.o)
                              C:/ST/STM32CubeIDE_1.13.2/STM32CubeIDE/plugins/com.st.stm32cube.ide.mcu.externaltools.gnu-tools-for-stm32.11.3.rel1.win32_1.1.1.202309131626/tools/bin/../lib/gcc/arm-none-eabi/11.3.1/../../../../arm-none-eabi/lib/thumb/v7-m/nofp\libc_nano.a(libc_a-stdio.o) (_close_r)
C:/ST/STM32CubeIDE_1.13.2/STM32CubeIDE/plugins/com.st.stm32cube.ide.mcu.externaltools.gnu-tools-for-stm32.11.3.rel1.win32_1.1.1.202309131626/tools/bin/../lib/gcc/arm-none-eabi/11.3.1/../../../../arm-none-eabi/lib/thumb/v7-m/nofp\libc_nano.a(libc_a-reent.o)
                              C:/ST/STM32CubeIDE_1.13.2/STM32CubeIDE/plugins/com.st.stm32cube.ide.mcu.externaltools.gnu-tools-for-stm32.11.3.rel1.win32_1.1.1.202309131626/tools/bin/../lib/gcc/arm-none-eabi/11.3.1/../../../../arm-none-eabi/lib/thumb/v7-m/nofp\libc_nano.a(libc_a-closer.o) (errno)
C:/ST/STM32CubeIDE_1.13.2/STM32CubeIDE/plugins/com.st.stm32cube.ide.mcu.externaltools.gnu-tools-for-stm32.11.3.rel1.win32_1.1.1.202309131626/tools/bin/../lib/gcc/arm-none-eabi/11.3.1/../../../../arm-none-eabi/lib/thumb/v7-m/nofp\libc_nano.a(libc_a-impure.o)
                              C:/ST/STM32CubeIDE_1.13.2/STM32CubeIDE/plugins/com.st.stm32cube.ide.mcu.externaltools.gnu-tools-for-stm32.11.3.rel1.win32_1.1.1.202309131626/tools/bin/../lib/gcc/arm-none-eabi/11.3.1/../../../../arm-none-eabi/lib/thumb/v7-m/nofp\libc_nano.a(libc_a-reent.o) (_impure_ptr)
C:/ST/STM32CubeIDE_1.13.2/STM32CubeIDE/plugins/com.st.stm32cube.ide.mcu.externaltools.gnu-tools-for-stm32.11.3.rel1.win32_1.1.1.202309131626/tools/bin/../lib/gcc/arm-none-eabi/11.3.1/../../../../arm-none-eabi/lib/thumb/v7-m/nofp\libc_nano.a(libc_a-lseekr.o)
[...]
Memory Configuration

Name             Origin             Length             Attributes
RAM              0x0000000020000000 0x0000000000005000 xrw
FLASH            0x0000000008000000 0x0000000000010000 xr
*default*        0x0000000000000000 0xffffffffffffffff

Linker script and memory map

LOAD C:/ST/STM32CubeIDE_1.13.2/STM32CubeIDE/plugins/com.st.stm32cube.ide.mcu.externaltools.gnu-tools-for-stm32.11.3.rel1.win32_1.1.1.202309131626/tools/bin/../lib/gcc/arm-none-eabi/11.3.1/thumb/v7-m/nofp/crti.o
LOAD C:/ST/STM32CubeIDE_1.13.2/STM32CubeIDE/plugins/com.st.stm32cube.ide.mcu.externaltools.gnu-tools-for-stm32.11.3.rel1.win32_1.1.1.202309131626/tools/bin/../lib/gcc/arm-none-eabi/11.3.1/thumb/v7-m/nofp/crtbegin.o
LOAD C:/ST/STM32CubeIDE_1.13.2/STM32CubeIDE/plugins/com.st.stm32cube.ide.mcu.externaltools.gnu-tools-for-stm32.11.3.rel1.win32_1.1.1.202309131626/tools/bin/../lib/gcc/arm-none-eabi/11.3.1/../../../../arm-none-eabi/lib/thumb/v7-m/nofp/crt0.o
LOAD ./Core/Src/main.o
LOAD ./Core/Src/stm32f1xx_hal_msp.o
LOAD ./Core/Src/stm32f1xx_it.o
LOAD ./Core/Src/syscalls.o
LOAD ./Core/Src/sysmem.o
LOAD ./Core/Src/system_stm32f1xx.o
LOAD ./Core/Startup/startup_stm32f103c8tx.o
LOAD ./Drivers/STM32F1xx_HAL_Driver/Src/stm32f1xx_hal.o
LOAD ./Drivers/STM32F1xx_HAL_Driver/Src/stm32f1xx_hal_cortex.o
LOAD ./Drivers/STM32F1xx_HAL_Driver/Src/stm32f1xx_hal_dma.o
LOAD ./Drivers/STM32F1xx_HAL_Driver/Src/stm32f1xx_hal_exti.o
LOAD ./Drivers/STM32F1xx_HAL_Driver/Src/stm32f1xx_hal_flash.o
LOAD ./Drivers/STM32F1xx_HAL_Driver/Src/stm32f1xx_hal_flash_ex.o
LOAD ./Drivers/STM32F1xx_HAL_Driver/Src/stm32f1xx_hal_gpio.o
LOAD ./Drivers/STM32F1xx_HAL_Driver/Src/stm32f1xx_hal_gpio_ex.o
LOAD ./Drivers/STM32F1xx_HAL_Driver/Src/stm32f1xx_hal_pcd.o
LOAD ./Drivers/STM32F1xx_HAL_Driver/Src/stm32f1xx_hal_pcd_ex.o
LOAD ./Drivers/STM32F1xx_HAL_Driver/Src/stm32f1xx_hal_pwr.o
LOAD ./Drivers/STM32F1xx_HAL_Driver/Src/stm32f1xx_hal_rcc.o
LOAD ./Drivers/STM32F1xx_HAL_Driver/Src/stm32f1xx_hal_rcc_ex.o
LOAD ./Drivers/STM32F1xx_HAL_Driver/Src/stm32f1xx_hal_tim.o
LOAD ./Drivers/STM32F1xx_HAL_Driver/Src/stm32f1xx_hal_tim_ex.o
LOAD ./Drivers/STM32F1xx_HAL_Driver/Src/stm32f1xx_ll_usb.o
LOAD ./Middlewares/ST/STM32_USB_Device_Library/Class/CDC/Src/usbd_cdc.o
LOAD ./Middlewares/ST/STM32_USB_Device_Library/Core/Src/usbd_core.o
LOAD ./Middlewares/ST/STM32_USB_Device_Library/Core/Src/usbd_ctlreq.o
LOAD ./Middlewares/ST/STM32_USB_Device_Library/Core/Src/usbd_ioreq.o
LOAD ./USB_DEVICE/App/usb_device.o
LOAD ./USB_DEVICE/App/usbd_cdc_if.o
LOAD ./USB_DEVICE/App/usbd_desc.o
LOAD ./USB_DEVICE/Target/usbd_conf.o
START GROUP
LOAD C:/ST/STM32CubeIDE_1.13.2/STM32CubeIDE/plugins/com.st.stm32cube.ide.mcu.externaltools.gnu-tools-for-stm32.11.3.rel1.win32_1.1.1.202309131626/tools/bin/../lib/gcc/arm-none-eabi/11.3.1/../../../../arm-none-eabi/lib/thumb/v7-m/nofp\libc_nano.a
LOAD C:/ST/STM32CubeIDE_1.13.2/STM32CubeIDE/plugins/com.st.stm32cube.ide.mcu.externaltools.gnu-tools-for-stm32.11.3.rel1.win32_1.1.1.202309131626/tools/bin/../lib/gcc/arm-none-eabi/11.3.1/../../../../arm-none-eabi/lib/thumb/v7-m/nofp\libm.a
END GROUP
START GROUP
LOAD C:/ST/STM32CubeIDE_1.13.2/STM32CubeIDE/plugins/com.st.stm32cube.ide.mcu.externaltools.gnu-tools-for-stm32.11.3.rel1.win32_1.1.1.202309131626/tools/bin/../lib/gcc/arm-none-eabi/11.3.1/thumb/v7-m/nofp\libgcc.a
LOAD C:/ST/STM32CubeIDE_1.13.2/STM32CubeIDE/plugins/com.st.stm32cube.ide.mcu.externaltools.gnu-tools-for-stm32.11.3.rel1.win32_1.1.1.202309131626/tools/bin/../lib/gcc/arm-none-eabi/11.3.1/../../../../arm-none-eabi/lib/thumb/v7-m/nofp\libc_nano.a
END GROUP
START GROUP
LOAD C:/ST/STM32CubeIDE_1.13.2/STM32CubeIDE/plugins/com.st.stm32cube.ide.mcu.externaltools.gnu-tools-for-stm32.11.3.rel1.win32_1.1.1.202309131626/tools/bin/../lib/gcc/arm-none-eabi/11.3.1/thumb/v7-m/nofp\libgcc.a
LOAD C:/ST/STM32CubeIDE_1.13.2/STM32CubeIDE/plugins/com.st.stm32cube.ide.mcu.externaltools.gnu-tools-for-stm32.11.3.rel1.win32_1.1.1.202309131626/tools/bin/../lib/gcc/arm-none-eabi/11.3.1/../../../../arm-none-eabi/lib/thumb/v7-m/nofp\libc_nano.a
LOAD C:/ST/STM32CubeIDE_1.13.2/STM32CubeIDE/plugins/com.st.stm32cube.ide.mcu.externaltools.gnu-tools-for-stm32.11.3.rel1.win32_1.1.1.202309131626/tools/bin/../lib/gcc/arm-none-eabi/11.3.1/../../../../arm-none-eabi/lib/thumb/v7-m/nofp\libnosys.a
END GROUP
START GROUP
LOAD C:/ST/STM32CubeIDE_1.13.2/STM32CubeIDE/plugins/com.st.stm32cube.ide.mcu.externaltools.gnu-tools-for-stm32.11.3.rel1.win32_1.1.1.202309131626/tools/bin/../lib/gcc/arm-none-eabi/11.3.1/thumb/v7-m/nofp\libgcc.a
LOAD C:/ST/STM32CubeIDE_1.13.2/STM32CubeIDE/plugins/com.st.stm32cube.ide.mcu.externaltools.gnu-tools-for-stm32.11.3.rel1.win32_1.1.1.202309131626/tools/bin/../lib/gcc/arm-none-eabi/11.3.1/../../../../arm-none-eabi/lib/thumb/v7-m/nofp\libc_nano.a
LOAD C:/ST/STM32CubeIDE_1.13.2/STM32CubeIDE/plugins/com.st.stm32cube.ide.mcu.externaltools.gnu-tools-for-stm32.11.3.rel1.win32_1.1.1.202309131626/tools/bin/../lib/gcc/arm-none-eabi/11.3.1/../../../../arm-none-eabi/lib/thumb/v7-m/nofp\libnosys.a
END GROUP
LOAD C:/ST/STM32CubeIDE_1.13.2/STM32CubeIDE/plugins/com.st.stm32cube.ide.mcu.externaltools.gnu-tools-for-stm32.11.3.rel1.win32_1.1.1.202309131626/tools/bin/../lib/gcc/arm-none-eabi/11.3.1/thumb/v7-m/nofp/crtend.o
LOAD C:/ST/STM32CubeIDE_1.13.2/STM32CubeIDE/plugins/com.st.stm32cube.ide.mcu.externaltools.gnu-tools-for-stm32.11.3.rel1.win32_1.1.1.202309131626/tools/bin/../lib/gcc/arm-none-eabi/11.3.1/thumb/v7-m/nofp/crtn.o
                0x0000000020005000                _estack = (ORIGIN (RAM) + LENGTH (RAM))
                0x0000000000000200                _Min_Heap_Size = 0x200
                0x0000000000000400                _Min_Stack_Size = 0x400

.isr_vector     0x0000000008000000      0x10c
                0x0000000008000000                . = ALIGN (0x4)
 *(.isr_vector)
 .isr_vector    0x0000000008000000      0x10c ./Core/Startup/startup_stm32f103c8tx.o
                0x0000000008000000                g_pfnVectors
                0x000000000800010c                . = ALIGN (0x4)

.text           0x000000000800010c     0x730c
                0x000000000800010c                . = ALIGN (0x4)
 *(.text)
 .text          0x000000000800010c       0x40 C:/ST/STM32CubeIDE_1.13.2/STM32CubeIDE/plugins/com.st.stm32cube.ide.mcu.externaltools.gnu-tools-for-stm32.11.3.rel1.win32_1.1.1.202309131626/tools/bin/../lib/gcc/arm-none-eabi/11.3.1/thumb/v7-m/nofp/crtbegin.o
 .text          0x000000000800014c       0x10 C:/ST/STM32CubeIDE_1.13.2/STM32CubeIDE/plugins/com.st.stm32cube.ide.mcu.externaltools.gnu-tools-for-stm32.11.3.rel1.win32_1.1.1.202309131626/tools/bin/../lib/gcc/arm-none-eabi/11.3.1/../../../../arm-none-eabi/lib/thumb/v7-m/nofp\libc_nano.a(libc_a-strlen.o)
                0x000000000800014c                strlen
 *(.text*)
 .text.SystemClock_Config
                0x000000000800015c       0xb4 ./Core/Src/main.o
                0x000000000800015c                SystemClock_Config
 .text.init_i2c2
                0x0000000008000210       0x8c ./Core/Src/main.o
                0x0000000008000210                init_i2c2
 .text.i2c_read
                0x000000000800029c      0x124 ./Core/Src/main.o
                0x000000000800029c                i2c_read
 .text.main     0x00000000080003c0       0x3c ./Core/Src/main.o
                0x00000000080003c0                main
 .text.Error_Handler
                0x00000000080003fc       0x10 ./Core/Src/main.o
                0x00000000080003fc                Error_Handler
 .text.HAL_MspInit
                0x000000000800040c       0x64 ./Core/Src/stm32f1xx_hal_msp.o
                0x000000000800040c                HAL_MspInit
 .text.NMI_Handler
                0x0000000008000470        0x6 ./Core/Src/stm32f1xx_it.o
                0x0000000008000470                NMI_Handler
 .text.HardFault_Handler
                0x0000000008000476        0x6 ./Core/Src/stm32f1xx_it.o
                0x0000000008000476                HardFault_Handler
 .text.MemManage_Handler
                0x000000000800047c        0x6 ./Core/Src/stm32f1xx_it.o
                0x000000000800047c                MemManage_Handler
 .text.BusFault_Handler
                0x0000000008000482        0x6 ./Core/Src/stm32f1xx_it.o
                0x0000000008000482                BusFault_Handler
 .text.UsageFault_Handler
                0x0000000008000488        0x6 ./Core/Src/stm32f1xx_it.o
                0x0000000008000488                UsageFault_Handler
 .text.SVC_Handler
                0x000000000800048e        0xc ./Core/Src/stm32f1xx_it.o
                0x000000000800048e                SVC_Handler
 .text.DebugMon_Handler
                0x000000000800049a        0xc ./Core/Src/stm32f1xx_it.o
                0x000000000800049a                DebugMon_Handler
 .text.PendSV_Handler
                0x00000000080004a6        0xc ./Core/Src/stm32f1xx_it.o
                0x00000000080004a6                PendSV_Handler
 .text.SysTick_Handler
                0x00000000080004b2        0xc ./Core/Src/stm32f1xx_it.o
                0x00000000080004b2                SysTick_Handler
 *fill*         0x00000000080004be        0x2 
 .text.USB_LP_CAN1_RX0_IRQHandler
                0x00000000080004c0       0x14 ./Core/Src/stm32f1xx_it.o
                0x00000000080004c0                USB_LP_CAN1_RX0_IRQHandler
 .text.SystemInit
                0x00000000080004d4        0xc ./Core/Src/system_stm32f1xx.o
                0x00000000080004d4                SystemInit
 .text.Reset_Handler
                0x00000000080004e0       0x48 ./Core/Startup/startup_stm32f103c8tx.o
                0x00000000080004e0                Reset_Handler
 .text.Default_Handler
                0x0000000008000528        0x2 ./Core/Startup/startup_stm32f103c8tx.o
                0x0000000008000528                RTC_Alarm_IRQHandler
                0x0000000008000528                EXTI2_IRQHandler
                0x0000000008000528                TIM1_CC_IRQHandler
                0x0000000008000528                PVD_IRQHandler
                0x0000000008000528                EXTI3_IRQHandler
                0x0000000008000528                EXTI0_IRQHandler
                0x0000000008000528                I2C2_EV_IRQHandler
                0x0000000008000528                ADC1_2_IRQHandler
                0x0000000008000528                SPI1_IRQHandler
                0x0000000008000528                TAMPER_IRQHandler
                0x0000000008000528                DMA1_Channel4_IRQHandler
                0x0000000008000528                USART3_IRQHandler
                0x0000000008000528                RTC_IRQHandler
                0x0000000008000528                DMA1_Channel7_IRQHandler
                0x0000000008000528                CAN1_RX1_IRQHandler
                0x0000000008000528                TIM4_IRQHandler
                0x0000000008000528                I2C1_EV_IRQHandler
                0x0000000008000528                DMA1_Channel6_IRQHandler
                0x0000000008000528                TIM3_IRQHandler
                0x0000000008000528                RCC_IRQHandler
                0x0000000008000528                TIM1_TRG_COM_IRQHandler
                0x0000000008000528                DMA1_Channel1_IRQHandler
                0x0000000008000528                Default_Handler
                0x0000000008000528                EXTI15_10_IRQHandler
                0x0000000008000528                EXTI9_5_IRQHandler
                0x0000000008000528                SPI2_IRQHandler
                0x0000000008000528                DMA1_Channel5_IRQHandler
                0x0000000008000528                EXTI4_IRQHandler
                0x0000000008000528                USB_HP_CAN1_TX_IRQHandler
                0x0000000008000528                DMA1_Channel3_IRQHandler
                0x0000000008000528                TIM1_UP_IRQHandler
                0x0000000008000528                WWDG_IRQHandler
                0x0000000008000528                TIM2_IRQHandler
                0x0000000008000528                TIM1_BRK_IRQHandler
                0x0000000008000528                EXTI1_IRQHandler
                0x0000000008000528                USART2_IRQHandler
                0x0000000008000528                I2C2_ER_IRQHandler
                0x0000000008000528                DMA1_Channel2_IRQHandler
                0x0000000008000528                CAN1_SCE_IRQHandler
                0x0000000008000528                FLASH_IRQHandler
                0x0000000008000528                USART1_IRQHandler
                0x0000000008000528                I2C1_ER_IRQHandler
                0x0000000008000528                USBWakeUp_IRQHandler
 *fill*         0x000000000800052a        0x2 
 .text.HAL_Init
                0x000000000800052c       0x2c ./Drivers/STM32F1xx_HAL_Driver/Src/stm32f1xx_hal.o
                0x000000000800052c                HAL_Init
 .text.HAL_InitTick
                0x0000000008000558       0x60 ./Drivers/STM32F1xx_HAL_Driver/Src/stm32f1xx_hal.o
                0x0000000008000558                HAL_InitTick
 .text.HAL_IncTick
                0x00000000080005b8       0x24 ./Drivers/STM32F1xx_HAL_Driver/Src/stm32f1xx_hal.o
                0x00000000080005b8                HAL_IncTick
 .text.HAL_GetTick
                0x00000000080005dc       0x14 ./Drivers/STM32F1xx_HAL_Driver/Src/stm32f1xx_hal.o
                0x00000000080005dc                HAL_GetTick
 .text.HAL_Delay
                0x00000000080005f0       0x48 ./Drivers/STM32F1xx_HAL_Driver/Src/stm32f1xx_hal.o
                0x00000000080005f0                HAL_Delay
 .text.__NVIC_SetPriorityGrouping
                0x0000000008000638       0x48 ./Drivers/STM32F1xx_HAL_Driver/Src/stm32f1xx_hal_cortex.o
 .text.__NVIC_GetPriorityGrouping
                0x0000000008000680       0x1c ./Drivers/STM32F1xx_HAL_Driver/Src/stm32f1xx_hal_cortex.o
 .text.__NVIC_EnableIRQ
                0x000000000800069c       0x38 ./Drivers/STM32F1xx_HAL_Driver/Src/stm32f1xx_hal_cortex.o
 .text.__NVIC_SetPriority
                0x00000000080006d4       0x54 ./Drivers/STM32F1xx_HAL_Driver/Src/stm32f1xx_hal_cortex.o
 .text.NVIC_EncodePriority
                0x0000000008000728       0x64 ./Drivers/STM32F1xx_HAL_Driver/Src/stm32f1xx_hal_cortex.o
 .text.SysTick_Config
                0x000000000800078c       0x44 ./Drivers/STM32F1xx_HAL_Driver/Src/stm32f1xx_hal_cortex.o
 .text.HAL_NVIC_SetPriorityGrouping
                0x00000000080007d0       0x16 ./Drivers/STM32F1xx_HAL_Driver/Src/stm32f1xx_hal_cortex.o
                0x00000000080007d0                HAL_NVIC_SetPriorityGrouping
 .text.HAL_NVIC_SetPriority
                0x00000000080007e6       0x38 ./Drivers/STM32F1xx_HAL_Driver/Src/stm32f1xx_hal_cortex.o
                0x00000000080007e6                HAL_NVIC_SetPriority
 .text.HAL_NVIC_EnableIRQ
                0x000000000800081e       0x1c ./Drivers/STM32F1xx_HAL_Driver/Src/stm32f1xx_hal_cortex.o
                0x000000000800081e                HAL_NVIC_EnableIRQ
 .text.HAL_SYSTICK_Config
                0x000000000800083a       0x18 ./Drivers/STM32F1xx_HAL_Driver/Src/stm32f1xx_hal_cortex.o
                0x000000000800083a                HAL_SYSTICK_Config
 .text.HAL_PCD_Init
                0x0000000008000852      0x1fe ./Drivers/STM32F1xx_HAL_Driver/Src/stm32f1xx_hal_pcd.o
                0x0000000008000852                HAL_PCD_Init
 .text.HAL_PCD_Start
                0x0000000008000a50       0x4c ./Drivers/STM32F1xx_HAL_Driver/Src/stm32f1xx_hal_pcd.o
                0x0000000008000a50                HAL_PCD_Start
 .text.HAL_PCD_IRQHandler
                0x0000000008000a9c      0x260 ./Drivers/STM32F1xx_HAL_Driver/Src/stm32f1xx_hal_pcd.o
                0x0000000008000a9c                HAL_PCD_IRQHandler
 .text.HAL_PCD_SetAddress
                0x0000000008000cfc       0x4a ./Drivers/STM32F1xx_HAL_Driver/Src/stm32f1xx_hal_pcd.o
                0x0000000008000cfc                HAL_PCD_SetAddress
 .text.HAL_PCD_EP_Open
                0x0000000008000d46       0xba ./Drivers/STM32F1xx_HAL_Driver/Src/stm32f1xx_hal_pcd.o
                0x0000000008000d46                HAL_PCD_EP_Open
 .text.HAL_PCD_EP_Close
                0x0000000008000e00       0x90 ./Drivers/STM32F1xx_HAL_Driver/Src/stm32f1xx_hal_pcd.o
                0x0000000008000e00                HAL_PCD_EP_Close
 .text.HAL_PCD_EP_Receive
                0x0000000008000e90       0x62 ./Drivers/STM32F1xx_HAL_Driver/Src/stm32f1xx_hal_pcd.o
                0x0000000008000e90                HAL_PCD_EP_Receive
 .text.HAL_PCD_EP_GetRxCount
                0x0000000008000ef2       0x2e ./Drivers/STM32F1xx_HAL_Driver/Src/stm32f1xx_hal_pcd.o
                0x0000000008000ef2                HAL_PCD_EP_GetRxCount
 .text.HAL_PCD_EP_Transmit
                0x0000000008000f20       0x6e ./Drivers/STM32F1xx_HAL_Driver/Src/stm32f1xx_hal_pcd.o
                0x0000000008000f20                HAL_PCD_EP_Transmit
 .text.HAL_PCD_EP_SetStall
                0x0000000008000f8e       0xc0 ./Drivers/STM32F1xx_HAL_Driver/Src/stm32f1xx_hal_pcd.o
                0x0000000008000f8e                HAL_PCD_EP_SetStall
 .text.HAL_PCD_EP_ClrStall
                0x000000000800104e       0xa8 ./Drivers/STM32F1xx_HAL_Driver/Src/stm32f1xx_hal_pcd.o
                0x000000000800104e                HAL_PCD_EP_ClrStall
 .text.PCD_EP_ISR_Handler
                0x00000000080010f6      0x7a6 ./Drivers/STM32F1xx_HAL_Driver/Src/stm32f1xx_hal_pcd.o
 .text.HAL_PCD_EP_DB_Receive
                0x000000000800189c      0x21a ./Drivers/STM32F1xx_HAL_Driver/Src/stm32f1xx_hal_pcd.o
 .text.HAL_PCD_EP_DB_Transmit
                0x0000000008001ab6      0x7f4 ./Drivers/STM32F1xx_HAL_Driver/Src/stm32f1xx_hal_pcd.o
 .text.HAL_PCDEx_PMAConfig
                0x00000000080022aa       0x84 ./Drivers/STM32F1xx_HAL_Driver/Src/stm32f1xx_hal_pcd_ex.o
                0x00000000080022aa                HAL_PCDEx_PMAConfig
 *fill*         0x000000000800232e        0x2 
 .text.HAL_RCC_OscConfig
                0x0000000008002330      0x504 ./Drivers/STM32F1xx_HAL_Driver/Src/stm32f1xx_hal_rcc.o
                0x0000000008002330                HAL_RCC_OscConfig
 .text.HAL_RCC_ClockConfig
                0x0000000008002834      0x1d4 ./Drivers/STM32F1xx_HAL_Driver/Src/stm32f1xx_hal_rcc.o
                0x0000000008002834                HAL_RCC_ClockConfig
 .text.HAL_RCC_GetSysClockFreq
                0x0000000008002a08       0xa8 ./Drivers/STM32F1xx_HAL_Driver/Src/stm32f1xx_hal_rcc.o
                0x0000000008002a08                HAL_RCC_GetSysClockFreq
 .text.RCC_Delay
                0x0000000008002ab0       0x3c ./Drivers/STM32F1xx_HAL_Driver/Src/stm32f1xx_hal_rcc.o
 .text.HAL_RCCEx_PeriphCLKConfig
                0x0000000008002aec      0x16c ./Drivers/STM32F1xx_HAL_Driver/Src/stm32f1xx_hal_rcc_ex.o
                0x0000000008002aec                HAL_RCCEx_PeriphCLKConfig
 .text.USB_CoreInit
                0x0000000008002c58       0x20 ./Drivers/STM32F1xx_HAL_Driver/Src/stm32f1xx_ll_usb.o
                0x0000000008002c58                USB_CoreInit
 .text.USB_EnableGlobalInt
                0x0000000008002c78       0x2c ./Drivers/STM32F1xx_HAL_Driver/Src/stm32f1xx_ll_usb.o
                0x0000000008002c78                USB_EnableGlobalInt
 .text.USB_DisableGlobalInt
                0x0000000008002ca4       0x34 ./Drivers/STM32F1xx_HAL_Driver/Src/stm32f1xx_ll_usb.o
                0x0000000008002ca4                USB_DisableGlobalInt
 .text.USB_SetCurrentMode
                0x0000000008002cd8       0x18 ./Drivers/STM32F1xx_HAL_Driver/Src/stm32f1xx_ll_usb.o
                0x0000000008002cd8                USB_SetCurrentMode
 .text.USB_DevInit
                0x0000000008002cf0       0x40 ./Drivers/STM32F1xx_HAL_Driver/Src/stm32f1xx_ll_usb.o
                0x0000000008002cf0                USB_DevInit
 .text.USB_ActivateEndpoint
                0x0000000008002d30      0x780 ./Drivers/STM32F1xx_HAL_Driver/Src/stm32f1xx_ll_usb.o
                0x0000000008002d30                USB_ActivateEndpoint
 .text.USB_DeactivateEndpoint
                0x00000000080034b0      0x3d8 ./Drivers/STM32F1xx_HAL_Driver/Src/stm32f1xx_ll_usb.o
                0x00000000080034b0                USB_DeactivateEndpoint
 .text.USB_EPStartXfer
                0x0000000008003888     0x1762 ./Drivers/STM32F1xx_HAL_Driver/Src/stm32f1xx_ll_usb.o
                0x0000000008003888                USB_EPStartXfer
 .text.USB_EPSetStall
                0x0000000008004fea       0xa0 ./Drivers/STM32F1xx_HAL_Driver/Src/stm32f1xx_ll_usb.o
                0x0000000008004fea                USB_EPSetStall
 .text.USB_EPClearStall
                0x000000000800508a      0x15a ./Drivers/STM32F1xx_HAL_Driver/Src/stm32f1xx_ll_usb.o
                0x000000000800508a                USB_EPClearStall
 .text.USB_SetDevAddress
                0x00000000080051e4       0x26 ./Drivers/STM32F1xx_HAL_Driver/Src/stm32f1xx_ll_usb.o
                0x00000000080051e4                USB_SetDevAddress
 .text.USB_DevConnect
                0x000000000800520a       0x14 ./Drivers/STM32F1xx_HAL_Driver/Src/stm32f1xx_ll_usb.o
                0x000000000800520a                USB_DevConnect
 .text.USB_DevDisconnect
                0x000000000800521e       0x14 ./Drivers/STM32F1xx_HAL_Driver/Src/stm32f1xx_ll_usb.o
                0x000000000800521e                USB_DevDisconnect
 .text.USB_ReadInterrupts
                0x0000000008005232       0x1e ./Drivers/STM32F1xx_HAL_Driver/Src/stm32f1xx_ll_usb.o
                0x0000000008005232                USB_ReadInterrupts
 .text.USB_EP0_OutStart
                0x0000000008005250       0x16 ./Drivers/STM32F1xx_HAL_Driver/Src/stm32f1xx_ll_usb.o
                0x0000000008005250                USB_EP0_OutStart
 .text.USB_WritePMA
                0x0000000008005266       0x8a ./Drivers/STM32F1xx_HAL_Driver/Src/stm32f1xx_ll_usb.o
                0x0000000008005266                USB_WritePMA
 .text.USB_ReadPMA
                0x00000000080052f0       0x9e ./Drivers/STM32F1xx_HAL_Driver/Src/stm32f1xx_ll_usb.o
                0x00000000080052f0                USB_ReadPMA
 .text.USBD_CDC_Init
                0x000000000800538e       0xf4 ./Middlewares/ST/STM32_USB_Device_Library/Class/CDC/Src/usbd_cdc.o
 .text.USBD_CDC_DeInit
                0x0000000008005482       0x6e ./Middlewares/ST/STM32_USB_Device_Library/Class/CDC/Src/usbd_cdc.o
 .text.USBD_CDC_Setup
                0x00000000080054f0      0x146 ./Middlewares/ST/STM32_USB_Device_Library/Class/CDC/Src/usbd_cdc.o
 .text.USBD_CDC_DataIn
                0x0000000008005636       0xa6 ./Middlewares/ST/STM32_USB_Device_Library/Class/CDC/Src/usbd_cdc.o
 .text.USBD_CDC_DataOut
                0x00000000080056dc       0x56 ./Middlewares/ST/STM32_USB_Device_Library/Class/CDC/Src/usbd_cdc.o
 .text.USBD_CDC_EP0_RxReady
                0x0000000008005732       0x50 ./Middlewares/ST/STM32_USB_Device_Library/Class/CDC/Src/usbd_cdc.o
 *fill*         0x0000000008005782        0x2 
 .text.USBD_CDC_GetFSCfgDesc
                0x0000000008005784       0x20 ./Middlewares/ST/STM32_USB_Device_Library/Class/CDC/Src/usbd_cdc.o
 .text.USBD_CDC_GetHSCfgDesc
                0x00000000080057a4       0x20 ./Middlewares/ST/STM32_USB_Device_Library/Class/CDC/Src/usbd_cdc.o
 .text.USBD_CDC_GetOtherSpeedCfgDesc
                0x00000000080057c4       0x20 ./Middlewares/ST/STM32_USB_Device_Library/Class/CDC/Src/usbd_cdc.o
 .text.USBD_CDC_GetDeviceQualifierDescriptor
                0x00000000080057e4       0x20 ./Middlewares/ST/STM32_USB_Device_Library/Class/CDC/Src/usbd_cdc.o
                0x00000000080057e4                USBD_CDC_GetDeviceQualifierDescriptor
 .text.USBD_CDC_RegisterInterface
                0x0000000008005804       0x2c ./Middlewares/ST/STM32_USB_Device_Library/Class/CDC/Src/usbd_cdc.o
                0x0000000008005804                USBD_CDC_RegisterInterface
 .text.USBD_CDC_SetTxBuffer
                0x0000000008005830       0x32 ./Middlewares/ST/STM32_USB_Device_Library/Class/CDC/Src/usbd_cdc.o
                0x0000000008005830                USBD_CDC_SetTxBuffer
 .text.USBD_CDC_SetRxBuffer
                0x0000000008005862       0x26 ./Middlewares/ST/STM32_USB_Device_Library/Class/CDC/Src/usbd_cdc.o
                0x0000000008005862                USBD_CDC_SetRxBuffer
 .text.USBD_CDC_TransmitPacket
                0x0000000008005888       0x5e ./Middlewares/ST/STM32_USB_Device_Library/Class/CDC/Src/usbd_cdc.o
                0x0000000008005888                USBD_CDC_TransmitPacket
 .text.USBD_CDC_ReceivePacket
                0x00000000080058e6       0x54 ./Middlewares/ST/STM32_USB_Device_Library/Class/CDC/Src/usbd_cdc.o
                0x00000000080058e6                USBD_CDC_ReceivePacket
 .text.USBD_Init
                0x000000000800593a       0x56 ./Middlewares/ST/STM32_USB_Device_Library/Core/Src/usbd_core.o
                0x000000000800593a                USBD_Init
 .text.USBD_RegisterClass
                0x0000000008005990       0x32 ./Middlewares/ST/STM32_USB_Device_Library/Core/Src/usbd_core.o
                0x0000000008005990                USBD_RegisterClass
 .text.USBD_Start
                0x00000000080059c2       0x18 ./Middlewares/ST/STM32_USB_Device_Library/Core/Src/usbd_core.o
                0x00000000080059c2                USBD_Start
 .text.USBD_RunTestMode
                0x00000000080059da       0x14 ./Middlewares/ST/STM32_USB_Device_Library/Core/Src/usbd_core.o
                0x00000000080059da                USBD_RunTestMode
 .text.USBD_SetClassConfig
                0x00000000080059ee       0x3e ./Middlewares/ST/STM32_USB_Device_Library/Core/Src/usbd_core.o
                0x00000000080059ee                USBD_SetClassConfig
 .text.USBD_ClrClassConfig
                0x0000000008005a2c       0x26 ./Middlewares/ST/STM32_USB_Device_Library/Core/Src/usbd_core.o
                0x0000000008005a2c                USBD_ClrClassConfig
 .text.USBD_LL_SetupStage
                0x0000000008005a52       0x9a ./Middlewares/ST/STM32_USB_Device_Library/Core/Src/usbd_core.o
                0x0000000008005a52                USBD_LL_SetupStage
 .text.USBD_LL_DataOutStage
                0x0000000008005aec       0xe2 ./Middlewares/ST/STM32_USB_Device_Library/Core/Src/usbd_core.o
                0x0000000008005aec                USBD_LL_DataOutStage
 .text.USBD_LL_DataInStage
                0x0000000008005bce      0x14a ./Middlewares/ST/STM32_USB_Device_Library/Core/Src/usbd_core.o
                0x0000000008005bce                USBD_LL_DataInStage
 .text.USBD_LL_Reset
                0x0000000008005d18       0x82 ./Middlewares/ST/STM32_USB_Device_Library/Core/Src/usbd_core.o
                0x0000000008005d18                USBD_LL_Reset
 .text.USBD_LL_SetSpeed
                0x0000000008005d9a       0x1e ./Middlewares/ST/STM32_USB_Device_Library/Core/Src/usbd_core.o
                0x0000000008005d9a                USBD_LL_SetSpeed
 .text.USBD_LL_Suspend
                0x0000000008005db8       0x28 ./Middlewares/ST/STM32_USB_Device_Library/Core/Src/usbd_core.o
                0x0000000008005db8                USBD_LL_Suspend
 .text.USBD_LL_Resume
                0x0000000008005de0       0x2a ./Middlewares/ST/STM32_USB_Device_Library/Core/Src/usbd_core.o
                0x0000000008005de0                USBD_LL_Resume
 .text.USBD_LL_SOF
                0x0000000008005e0a       0x34 ./Middlewares/ST/STM32_USB_Device_Library/Core/Src/usbd_core.o
                0x0000000008005e0a                USBD_LL_SOF
 *fill*         0x0000000008005e3e        0x2 
 .text.USBD_StdDevReq
                0x0000000008005e40       0xd4 ./Middlewares/ST/STM32_USB_Device_Library/Core/Src/usbd_ctlreq.o
                0x0000000008005e40                USBD_StdDevReq
 .text.USBD_StdItfReq
                0x0000000008005f14       0x90 ./Middlewares/ST/STM32_USB_Device_Library/Core/Src/usbd_ctlreq.o
                0x0000000008005f14                USBD_StdItfReq
 .text.USBD_StdEPReq
                0x0000000008005fa4      0x2c6 ./Middlewares/ST/STM32_USB_Device_Library/Core/Src/usbd_ctlreq.o
                0x0000000008005fa4                USBD_StdEPReq
 *fill*         0x000000000800626a        0x2 
 .text.USBD_GetDescriptor
                0x000000000800626c      0x2d0 ./Middlewares/ST/STM32_USB_Device_Library/Core/Src/usbd_ctlreq.o
 .text.USBD_SetAddress
                0x000000000800653c       0x86 ./Middlewares/ST/STM32_USB_Device_Library/Core/Src/usbd_ctlreq.o
 *fill*         0x00000000080065c2        0x2 
 .text.USBD_SetConfig
                0x00000000080065c4      0x11c ./Middlewares/ST/STM32_USB_Device_Library/Core/Src/usbd_ctlreq.o
 .text.USBD_GetConfig
                0x00000000080066e0       0x6a ./Middlewares/ST/STM32_USB_Device_Library/Core/Src/usbd_ctlreq.o
 .text.USBD_GetStatus
                0x000000000800674a       0x66 ./Middlewares/ST/STM32_USB_Device_Library/Core/Src/usbd_ctlreq.o
 .text.USBD_SetFeature
                0x00000000080067b0       0x28 ./Middlewares/ST/STM32_USB_Device_Library/Core/Src/usbd_ctlreq.o
 .text.USBD_ClrFeature
                0x00000000080067d8       0x42 ./Middlewares/ST/STM32_USB_Device_Library/Core/Src/usbd_ctlreq.o
 .text.USBD_ParseSetupRequest
                0x000000000800681a       0x78 ./Middlewares/ST/STM32_USB_Device_Library/Core/Src/usbd_ctlreq.o
                0x000000000800681a                USBD_ParseSetupRequest
 .text.USBD_CtlError
                0x0000000008006892       0x22 ./Middlewares/ST/STM32_USB_Device_Library/Core/Src/usbd_ctlreq.o
                0x0000000008006892                USBD_CtlError
 .text.USBD_GetString
                0x00000000080068b4       0x84 ./Middlewares/ST/STM32_USB_Device_Library/Core/Src/usbd_ctlreq.o
                0x00000000080068b4                USBD_GetString
 .text.USBD_GetLen
                0x0000000008006938       0x2e ./Middlewares/ST/STM32_USB_Device_Library/Core/Src/usbd_ctlreq.o
 .text.USBD_CtlSendData
                0x0000000008006966       0x38 ./Middlewares/ST/STM32_USB_Device_Library/Core/Src/usbd_ioreq.o
                0x0000000008006966                USBD_CtlSendData
 .text.USBD_CtlContinueSendData
                0x000000000800699e       0x24 ./Middlewares/ST/STM32_USB_Device_Library/Core/Src/usbd_ioreq.o
                0x000000000800699e                USBD_CtlContinueSendData
 .text.USBD_CtlPrepareRx
                0x00000000080069c2       0x3c ./Middlewares/ST/STM32_USB_Device_Library/Core/Src/usbd_ioreq.o
                0x00000000080069c2                USBD_CtlPrepareRx
 .text.USBD_CtlContinueRx
                0x00000000080069fe       0x24 ./Middlewares/ST/STM32_USB_Device_Library/Core/Src/usbd_ioreq.o
                0x00000000080069fe                USBD_CtlContinueRx
 .text.USBD_CtlSendStatus
                0x0000000008006a22       0x26 ./Middlewares/ST/STM32_USB_Device_Library/Core/Src/usbd_ioreq.o
                0x0000000008006a22                USBD_CtlSendStatus
 .text.USBD_CtlReceiveStatus
                0x0000000008006a48       0x26 ./Middlewares/ST/STM32_USB_Device_Library/Core/Src/usbd_ioreq.o
                0x0000000008006a48                USBD_CtlReceiveStatus
 *fill*         0x0000000008006a6e        0x2 
 .text.MX_USB_DEVICE_Init
                0x0000000008006a70       0x60 ./USB_DEVICE/App/usb_device.o
                0x0000000008006a70                MX_USB_DEVICE_Init
 .text.CDC_Init_FS
                0x0000000008006ad0       0x28 ./USB_DEVICE/App/usbd_cdc_if.o
 .text.CDC_DeInit_FS
                0x0000000008006af8        0xe ./USB_DEVICE/App/usbd_cdc_if.o
 *fill*         0x0000000008006b06        0x2 
 .text.CDC_Control_FS
                0x0000000008006b08       0xbc ./USB_DEVICE/App/usbd_cdc_if.o
 .text.CDC_Receive_FS
                0x0000000008006bc4       0x28 ./USB_DEVICE/App/usbd_cdc_if.o
 .text.CDC_Transmit_FS
                0x0000000008006bec       0x4c ./USB_DEVICE/App/usbd_cdc_if.o
                0x0000000008006bec                CDC_Transmit_FS
 .text.USBD_FS_DeviceDescriptor
                0x0000000008006c38       0x24 ./USB_DEVICE/App/usbd_desc.o
                0x0000000008006c38                USBD_FS_DeviceDescriptor
 .text.USBD_FS_LangIDStrDescriptor
                0x0000000008006c5c       0x24 ./USB_DEVICE/App/usbd_desc.o
                0x0000000008006c5c                USBD_FS_LangIDStrDescriptor
 .text.USBD_FS_ProductStrDescriptor
                0x0000000008006c80       0x3c ./USB_DEVICE/App/usbd_desc.o
                0x0000000008006c80                USBD_FS_ProductStrDescriptor
 .text.USBD_FS_ManufacturerStrDescriptor
                0x0000000008006cbc       0x28 ./USB_DEVICE/App/usbd_desc.o
                0x0000000008006cbc                USBD_FS_ManufacturerStrDescriptor
 .text.USBD_FS_SerialStrDescriptor
                0x0000000008006ce4       0x24 ./USB_DEVICE/App/usbd_desc.o
                0x0000000008006ce4                USBD_FS_SerialStrDescriptor
 .text.USBD_FS_ConfigStrDescriptor
                0x0000000008006d08       0x3c ./USB_DEVICE/App/usbd_desc.o
                0x0000000008006d08                USBD_FS_ConfigStrDescriptor
 .text.USBD_FS_InterfaceStrDescriptor
                0x0000000008006d44       0x3c ./USB_DEVICE/App/usbd_desc.o
                0x0000000008006d44                USBD_FS_InterfaceStrDescriptor
 .text.Get_SerialNum
                0x0000000008006d80       0x58 ./USB_DEVICE/App/usbd_desc.o
 .text.IntToUnicode
                0x0000000008006dd8       0x7c ./USB_DEVICE/App/usbd_desc.o
 .text.HAL_PCD_MspInit
                0x0000000008006e54       0x4c ./USB_DEVICE/Target/usbd_conf.o
                0x0000000008006e54                HAL_PCD_MspInit
 .text.HAL_PCD_SetupStageCallback
                0x0000000008006ea0       0x24 ./USB_DEVICE/Target/usbd_conf.o
                0x0000000008006ea0                HAL_PCD_SetupStageCallback
 .text.HAL_PCD_DataOutStageCallback
                0x0000000008006ec4       0x36 ./USB_DEVICE/Target/usbd_conf.o
                0x0000000008006ec4                HAL_PCD_DataOutStageCallback
 .text.HAL_PCD_DataInStageCallback
                0x0000000008006efa       0x34 ./USB_DEVICE/Target/usbd_conf.o
                0x0000000008006efa                HAL_PCD_DataInStageCallback
 .text.HAL_PCD_SOFCallback
                0x0000000008006f2e       0x1c ./USB_DEVICE/Target/usbd_conf.o
                0x0000000008006f2e                HAL_PCD_SOFCallback
 .text.HAL_PCD_ResetCallback
                0x0000000008006f4a       0x3c ./USB_DEVICE/Target/usbd_conf.o
                0x0000000008006f4a                HAL_PCD_ResetCallback
 *fill*         0x0000000008006f86        0x2 
 .text.HAL_PCD_SuspendCallback
                0x0000000008006f88       0x34 ./USB_DEVICE/Target/usbd_conf.o
                0x0000000008006f88                HAL_PCD_SuspendCallback
 .text.HAL_PCD_ResumeCallback
                0x0000000008006fbc       0x1c ./USB_DEVICE/Target/usbd_conf.o
                0x0000000008006fbc                HAL_PCD_ResumeCallback
 .text.USBD_LL_Init
                0x0000000008006fd8       0xb4 ./USB_DEVICE/Target/usbd_conf.o
                0x0000000008006fd8                USBD_LL_Init
 .text.USBD_LL_Start
                0x000000000800708c       0x36 ./USB_DEVICE/Target/usbd_conf.o
                0x000000000800708c                USBD_LL_Start
 .text.USBD_LL_OpenEP
                0x00000000080070c2       0x4c ./USB_DEVICE/Target/usbd_conf.o
                0x00000000080070c2                USBD_LL_OpenEP
 .text.USBD_LL_CloseEP
                0x000000000800710e       0x3e ./USB_DEVICE/Target/usbd_conf.o
                0x000000000800710e                USBD_LL_CloseEP
 .text.USBD_LL_StallEP
                0x000000000800714c       0x3e ./USB_DEVICE/Target/usbd_conf.o
                0x000000000800714c                USBD_LL_StallEP
 .text.USBD_LL_ClearStallEP
                0x000000000800718a       0x3e ./USB_DEVICE/Target/usbd_conf.o
                0x000000000800718a                USBD_LL_ClearStallEP
 .text.USBD_LL_IsStallEP
                0x00000000080071c8       0x58 ./USB_DEVICE/Target/usbd_conf.o
                0x00000000080071c8                USBD_LL_IsStallEP
 .text.USBD_LL_SetUSBAddress
                0x0000000008007220       0x3e ./USB_DEVICE/Target/usbd_conf.o
                0x0000000008007220                USBD_LL_SetUSBAddress
 .text.USBD_LL_Transmit
                0x000000000800725e       0x46 ./USB_DEVICE/Target/usbd_conf.o
                0x000000000800725e                USBD_LL_Transmit
 .text.USBD_LL_PrepareReceive
                0x00000000080072a4       0x46 ./USB_DEVICE/Target/usbd_conf.o
                0x00000000080072a4                USBD_LL_PrepareReceive
 .text.USBD_LL_GetRxDataSize
                0x00000000080072ea       0x26 ./USB_DEVICE/Target/usbd_conf.o
                0x00000000080072ea                USBD_LL_GetRxDataSize
 .text.USBD_static_malloc
                0x0000000008007310       0x18 ./USB_DEVICE/Target/usbd_conf.o
                0x0000000008007310                USBD_static_malloc
 .text.USBD_static_free
                0x0000000008007328       0x12 ./USB_DEVICE/Target/usbd_conf.o
                0x0000000008007328                USBD_static_free
 .text.HAL_PCDEx_SetConnectionState
                0x000000000800733a       0x16 ./USB_DEVICE/Target/usbd_conf.o
                0x000000000800733a                HAL_PCDEx_SetConnectionState
 .text.USBD_Get_USB_Status
                0x0000000008007350       0x58 ./USB_DEVICE/Target/usbd_conf.o
 .text.memset   0x00000000080073a8       0x10 C:/ST/STM32CubeIDE_1.13.2/STM32CubeIDE/plugins/com.st.stm32cube.ide.mcu.externaltools.gnu-tools-for-stm32.11.3.rel1.win32_1.1.1.202309131626/tools/bin/../lib/gcc/arm-none-eabi/11.3.1/../../../../arm-none-eabi/lib/thumb/v7-m/nofp\libc_nano.a(libc_a-memset.o)
                0x00000000080073a8                memset
 .text.__libc_init_array
                0x00000000080073b8       0x48 C:/ST/STM32CubeIDE_1.13.2/STM32CubeIDE/plugins/com.st.stm32cube.ide.mcu.externaltools.gnu-tools-for-stm32.11.3.rel1.win32_1.1.1.202309131626/tools/bin/../lib/gcc/arm-none-eabi/11.3.1/../../../../arm-none-eabi/lib/thumb/v7-m/nofp\libc_nano.a(libc_a-init.o)
                0x00000000080073b8                __libc_init_array
 *(.glue_7)
 .glue_7        0x0000000008007400        0x0 linker stubs
 *(.glue_7t)
 .glue_7t       0x0000000008007400        0x0 linker stubs
 *(.eh_frame)
 .eh_frame      0x0000000008007400        0x0 C:/ST/STM32CubeIDE_1.13.2/STM32CubeIDE/plugins/com.st.stm32cube.ide.mcu.externaltools.gnu-tools-for-stm32.11.3.rel1.win32_1.1.1.202309131626/tools/bin/../lib/gcc/arm-none-eabi/11.3.1/thumb/v7-m/nofp/crtbegin.o
 *(.init)
 .init          0x0000000008007400        0x4 C:/ST/STM32CubeIDE_1.13.2/STM32CubeIDE/plugins/com.st.stm32cube.ide.mcu.externaltools.gnu-tools-for-stm32.11.3.rel1.win32_1.1.1.202309131626/tools/bin/../lib/gcc/arm-none-eabi/11.3.1/thumb/v7-m/nofp/crti.o
                0x0000000008007400                _init
 .init          0x0000000008007404        0x8 C:/ST/STM32CubeIDE_1.13.2/STM32CubeIDE/plugins/com.st.stm32cube.ide.mcu.externaltools.gnu-tools-for-stm32.11.3.rel1.win32_1.1.1.202309131626/tools/bin/../lib/gcc/arm-none-eabi/11.3.1/thumb/v7-m/nofp/crtn.o
 *(.fini)
 .fini          0x000000000800740c        0x4 C:/ST/STM32CubeIDE_1.13.2/STM32CubeIDE/plugins/com.st.stm32cube.ide.mcu.externaltools.gnu-tools-for-stm32.11.3.rel1.win32_1.1.1.202309131626/tools/bin/../lib/gcc/arm-none-eabi/11.3.1/thumb/v7-m/nofp/crti.o
                0x000000000800740c                _fini
 .fini          0x0000000008007410        0x8 C:/ST/STM32CubeIDE_1.13.2/STM32CubeIDE/plugins/com.st.stm32cube.ide.mcu.externaltools.gnu-tools-for-stm32.11.3.rel1.win32_1.1.1.202309131626/tools/bin/../lib/gcc/arm-none-eabi/11.3.1/thumb/v7-m/nofp/crtn.o
                0x0000000008007418                . = ALIGN (0x4)
                0x0000000008007418                _etext = .

.vfp11_veneer   0x0000000008007418        0x0
 .vfp11_veneer  0x0000000008007418        0x0 linker stubs

.v4_bx          0x0000000008007418        0x0
 .v4_bx         0x0000000008007418        0x0 linker stubs

.iplt           0x0000000008007418        0x0
 .iplt          0x0000000008007418        0x0 C:/ST/STM32CubeIDE_1.13.2/STM32CubeIDE/plugins/com.st.stm32cube.ide.mcu.externaltools.gnu-tools-for-stm32.11.3.rel1.win32_1.1.1.202309131626/tools/bin/../lib/gcc/arm-none-eabi/11.3.1/thumb/v7-m/nofp/crtbegin.o

.rodata         0x0000000008007418       0x98
                0x0000000008007418                . = ALIGN (0x4)
 *(.rodata)
 .rodata        0x0000000008007418       0x30 ./Core/Src/main.o
 .rodata        0x0000000008007448       0x42 ./USB_DEVICE/App/usbd_desc.o
 *(.rodata*)
 *fill*         0x000000000800748a        0x2 
 .rodata.AHBPrescTable
                0x000000000800748c       0x10 ./Core/Src/system_stm32f1xx.o
                0x000000000800748c                AHBPrescTable
 .rodata.aPLLMULFactorTable.1
                0x000000000800749c       0x10 ./Drivers/STM32F1xx_HAL_Driver/Src/stm32f1xx_hal_rcc.o
 .rodata.aPredivFactorTable.0
                0x00000000080074ac        0x2 ./Drivers/STM32F1xx_HAL_Driver/Src/stm32f1xx_hal_rcc.o
                0x00000000080074b0                . = ALIGN (0x4)
 *fill*         0x00000000080074ae        0x2 

.rel.dyn        0x00000000080074b0        0x0
 .rel.iplt      0x00000000080074b0        0x0 C:/ST/STM32CubeIDE_1.13.2/STM32CubeIDE/plugins/com.st.stm32cube.ide.mcu.externaltools.gnu-tools-for-stm32.11.3.rel1.win32_1.1.1.202309131626/tools/bin/../lib/gcc/arm-none-eabi/11.3.1/thumb/v7-m/nofp/crtbegin.o

.ARM.extab      0x00000000080074b0        0x0
                0x00000000080074b0                . = ALIGN (0x4)
 *(.ARM.extab* .gnu.linkonce.armextab.*)
                0x00000000080074b0                . = ALIGN (0x4)

.ARM            0x00000000080074b0        0x0
                0x00000000080074b0                . = ALIGN (0x4)
                0x00000000080074b0                __exidx_start = .
 *(.ARM.exidx*)
                0x00000000080074b0                __exidx_end = .
                0x00000000080074b0                . = ALIGN (0x4)

.preinit_array  0x00000000080074b0        0x0
                0x00000000080074b0                . = ALIGN (0x4)
                0x00000000080074b0                PROVIDE (__preinit_array_start = .)
 *(.preinit_array*)
                0x00000000080074b0                PROVIDE (__preinit_array_end = .)
                0x00000000080074b0                . = ALIGN (0x4)

.init_array     0x00000000080074b0        0x4
                0x00000000080074b0                . = ALIGN (0x4)
                0x00000000080074b0                PROVIDE (__init_array_start = .)
 *(SORT_BY_NAME(.init_array.*))
 *(.init_array*)
 .init_array    0x00000000080074b0        0x4 C:/ST/STM32CubeIDE_1.13.2/STM32CubeIDE/plugins/com.st.stm32cube.ide.mcu.externaltools.gnu-tools-for-stm32.11.3.rel1.win32_1.1.1.202309131626/tools/bin/../lib/gcc/arm-none-eabi/11.3.1/thumb/v7-m/nofp/crtbegin.o
                0x00000000080074b4                PROVIDE (__init_array_end = .)
                0x00000000080074b4                . = ALIGN (0x4)

.fini_array     0x00000000080074b4        0x4
                0x00000000080074b4                . = ALIGN (0x4)
                [!provide]                        PROVIDE (__fini_array_start = .)
 *(SORT_BY_NAME(.fini_array.*))
 *(.fini_array*)
 .fini_array    0x00000000080074b4        0x4 C:/ST/STM32CubeIDE_1.13.2/STM32CubeIDE/plugins/com.st.stm32cube.ide.mcu.externaltools.gnu-tools-for-stm32.11.3.rel1.win32_1.1.1.202309131626/tools/bin/../lib/gcc/arm-none-eabi/11.3.1/thumb/v7-m/nofp/crtbegin.o
                [!provide]                        PROVIDE (__fini_array_end = .)
                0x00000000080074b8                . = ALIGN (0x4)
                0x00000000080074b8                _sidata = LOADADDR (.data)

.data           0x0000000020000000      0x188 load address 0x00000000080074b8
                0x0000000020000000                . = ALIGN (0x4)
                0x0000000020000000                _sdata = .
 *(.data)
 *(.data*)
 .data.data1    0x0000000020000000        0x4 ./Core/Src/main.o
                0x0000000020000000                data1
 .data.data2    0x0000000020000004        0x4 ./Core/Src/main.o
                0x0000000020000004                data2
 .data.data3    0x0000000020000008        0x4 ./Core/Src/main.o
                0x0000000020000008                data3
 .data.SystemCoreClock
                0x000000002000000c        0x4 ./Core/Src/system_stm32f1xx.o
                0x000000002000000c                SystemCoreClock
 .data.uwTickPrio
                0x0000000020000010        0x4 ./Drivers/STM32F1xx_HAL_Driver/Src/stm32f1xx_hal.o
                0x0000000020000010                uwTickPrio
 .data.uwTickFreq
                0x0000000020000014        0x1 ./Drivers/STM32F1xx_HAL_Driver/Src/stm32f1xx_hal.o
                0x0000000020000014                uwTickFreq
 *fill*         0x0000000020000015        0x3 
 .data.USBD_CDC_DeviceQualifierDesc
                0x0000000020000018        0xa ./Middlewares/ST/STM32_USB_Device_Library/Class/CDC/Src/usbd_cdc.o
 *fill*         0x0000000020000022        0x2 
 .data.USBD_CDC
                0x0000000020000024       0x38 ./Middlewares/ST/STM32_USB_Device_Library/Class/CDC/Src/usbd_cdc.o
                0x0000000020000024                USBD_CDC
 .data.USBD_CDC_CfgHSDesc
                0x000000002000005c       0x43 ./Middlewares/ST/STM32_USB_Device_Library/Class/CDC/Src/usbd_cdc.o
                0x000000002000005c                USBD_CDC_CfgHSDesc
 *fill*         0x000000002000009f        0x1 
 .data.USBD_CDC_CfgFSDesc
                0x00000000200000a0       0x43 ./Middlewares/ST/STM32_USB_Device_Library/Class/CDC/Src/usbd_cdc.o
                0x00000000200000a0                USBD_CDC_CfgFSDesc
 *fill*         0x00000000200000e3        0x1 
 .data.USBD_CDC_OtherSpeedCfgDesc
                0x00000000200000e4       0x43 ./Middlewares/ST/STM32_USB_Device_Library/Class/CDC/Src/usbd_cdc.o
                0x00000000200000e4                USBD_CDC_OtherSpeedCfgDesc
 *fill*         0x0000000020000127        0x1 
 .data.USBD_Interface_fops_FS
                0x0000000020000128       0x10 ./USB_DEVICE/App/usbd_cdc_if.o
                0x0000000020000128                USBD_Interface_fops_FS
 .data.FS_Desc  0x0000000020000138       0x1c ./USB_DEVICE/App/usbd_desc.o
                0x0000000020000138                FS_Desc
 .data.USBD_FS_DeviceDesc
                0x0000000020000154       0x12 ./USB_DEVICE/App/usbd_desc.o
                0x0000000020000154                USBD_FS_DeviceDesc
 *fill*         0x0000000020000166        0x2 
 .data.USBD_LangIDDesc
                0x0000000020000168        0x4 ./USB_DEVICE/App/usbd_desc.o
                0x0000000020000168                USBD_LangIDDesc
 .data.USBD_StringSerial
                0x000000002000016c       0x1a ./USB_DEVICE/App/usbd_desc.o
                0x000000002000016c                USBD_StringSerial
 *(.RamFunc)
 *(.RamFunc*)
                0x0000000020000188                . = ALIGN (0x4)
 *fill*         0x0000000020000186        0x2 
                0x0000000020000188                _edata = .

.igot.plt       0x0000000020000188        0x0 load address 0x0000000008007640
 .igot.plt      0x0000000020000188        0x0 C:/ST/STM32CubeIDE_1.13.2/STM32CubeIDE/plugins/com.st.stm32cube.ide.mcu.externaltools.gnu-tools-for-stm32.11.3.rel1.win32_1.1.1.202309131626/tools/bin/../lib/gcc/arm-none-eabi/11.3.1/thumb/v7-m/nofp/crtbegin.o
                0x0000000020000188                . = ALIGN (0x4)

.bss            0x0000000020000188     0x120c load address 0x0000000008007640
                0x0000000020000188                _sbss = .
                0x0000000020000188                __bss_start__ = _sbss
 *(.bss)
 .bss           0x0000000020000188       0x1c C:/ST/STM32CubeIDE_1.13.2/STM32CubeIDE/plugins/com.st.stm32cube.ide.mcu.externaltools.gnu-tools-for-stm32.11.3.rel1.win32_1.1.1.202309131626/tools/bin/../lib/gcc/arm-none-eabi/11.3.1/thumb/v7-m/nofp/crtbegin.o
 *(.bss*)
 .bss.i2c_buff  0x00000000200001a4       0x14 ./Core/Src/main.o
                0x00000000200001a4                i2c_buff
 .bss.uwTick    0x00000000200001b8        0x4 ./Drivers/STM32F1xx_HAL_Driver/Src/stm32f1xx_hal.o
                0x00000000200001b8                uwTick
 .bss.cfgidx.0  0x00000000200001bc        0x1 ./Middlewares/ST/STM32_USB_Device_Library/Core/Src/usbd_ctlreq.o
 *fill*         0x00000000200001bd        0x3 
 .bss.hUsbDeviceFS
                0x00000000200001c0      0x2c4 ./USB_DEVICE/App/usb_device.o
                0x00000000200001c0                hUsbDeviceFS
 .bss.UserRxBufferFS
                0x0000000020000484      0x400 ./USB_DEVICE/App/usbd_cdc_if.o
                0x0000000020000484                UserRxBufferFS
 .bss.UserTxBufferFS
                0x0000000020000884      0x400 ./USB_DEVICE/App/usbd_cdc_if.o
                0x0000000020000884                UserTxBufferFS
 .bss.USBD_StrDesc
                0x0000000020000c84      0x200 ./USB_DEVICE/App/usbd_desc.o
                0x0000000020000c84                USBD_StrDesc
 .bss.hpcd_USB_FS
                0x0000000020000e84      0x2f0 ./USB_DEVICE/Target/usbd_conf.o
                0x0000000020000e84                hpcd_USB_FS
 .bss.mem.0     0x0000000020001174      0x220 ./USB_DEVICE/Target/usbd_conf.o
 *(COMMON)
                0x0000000020001394                . = ALIGN (0x4)
                0x0000000020001394                _ebss = .
                0x0000000020001394                __bss_end__ = _ebss

._user_heap_stack
                0x0000000020001394      0x604 load address 0x0000000008007640
                0x0000000020001398                . = ALIGN (0x8)
 *fill*         0x0000000020001394        0x4 
                [!provide]                        PROVIDE (end = .)
                0x0000000020001398                PROVIDE (_end = .)
                0x0000000020001598                . = (. + _Min_Heap_Size)
 *fill*         0x0000000020001398      0x200 
                0x0000000020001998                . = (. + _Min_Stack_Size)
 *fill*         0x0000000020001598      0x400 
                0x0000000020001998                . = ALIGN (0x8)

/DISCARD/
 libc.a(*)
 libm.a(*)
 libgcc.a(*)

.ARM.attributes
                0x0000000000000000       0x29
 *(.ARM.attributes)
 .ARM.attributes
                0x0000000000000000       0x1d C:/ST/STM32CubeIDE_1.13.2/STM32CubeIDE/plugins/com.st.stm32cube.ide.mcu.externaltools.gnu-tools-for-stm32.11.3.rel1.win32_1.1.1.202309131626/tools/bin/../lib/gcc/arm-none-eabi/11.3.1/thumb/v7-m/nofp/crti.o
 .ARM.attributes
                0x000000000000001d       0x2d C:/ST/STM32CubeIDE_1.13.2/STM32CubeIDE/plugins/com.st.stm32cube.ide.mcu.externaltools.gnu-tools-for-stm32.11.3.rel1.win32_1.1.1.202309131626/tools/bin/../lib/gcc/arm-none-eabi/11.3.1/thumb/v7-m/nofp/crtbegin.o
 .ARM.attributes
                0x000000000000004a       0x2d ./Core/Src/main.o
 .ARM.attributes
                0x0000000000000077       0x2d ./Core/Src/stm32f1xx_hal_msp.o
 .ARM.attributes
                0x00000000000000a4       0x2d ./Core/Src/stm32f1xx_it.o
 .ARM.attributes
                0x00000000000000d1       0x2d ./Core/Src/system_stm32f1xx.o
 .ARM.attributes
                0x00000000000000fe       0x21 ./Core/Startup/startup_stm32f103c8tx.o
 .ARM.attributes
                0x000000000000011f       0x2d ./Drivers/STM32F1xx_HAL_Driver/Src/stm32f1xx_hal.o
 .ARM.attributes
                0x000000000000014c       0x2d ./Drivers/STM32F1xx_HAL_Driver/Src/stm32f1xx_hal_cortex.o
 .ARM.attributes
                0x0000000000000179       0x2d ./Drivers/STM32F1xx_HAL_Driver/Src/stm32f1xx_hal_pcd.o
 .ARM.attributes
                0x00000000000001a6       0x2d ./Drivers/STM32F1xx_HAL_Driver/Src/stm32f1xx_hal_pcd_ex.o
 .ARM.attributes
                0x00000000000001d3       0x2d ./Drivers/STM32F1xx_HAL_Driver/Src/stm32f1xx_hal_rcc.o
 .ARM.attributes
                0x0000000000000200       0x2d ./Drivers/STM32F1xx_HAL_Driver/Src/stm32f1xx_hal_rcc_ex.o
 .ARM.attributes
                0x000000000000022d       0x2d ./Drivers/STM32F1xx_HAL_Driver/Src/stm32f1xx_ll_usb.o
 .ARM.attributes
                0x000000000000025a       0x2d ./Middlewares/ST/STM32_USB_Device_Library/Class/CDC/Src/usbd_cdc.o
 .ARM.attributes
                0x0000000000000287       0x2d ./Middlewares/ST/STM32_USB_Device_Library/Core/Src/usbd_core.o
 .ARM.attributes
                0x00000000000002b4       0x2d ./Middlewares/ST/STM32_USB_Device_Library/Core/Src/usbd_ctlreq.o
 .ARM.attributes
                0x00000000000002e1       0x2d ./Middlewares/ST/STM32_USB_Device_Library/Core/Src/usbd_ioreq.o
 .ARM.attributes
                0x000000000000030e       0x2d ./USB_DEVICE/App/usb_device.o
 .ARM.attributes
                0x000000000000033b       0x2d ./USB_DEVICE/App/usbd_cdc_if.o
 .ARM.attributes
                0x0000000000000368       0x2d ./USB_DEVICE/App/usbd_desc.o
 .ARM.attributes
                0x0000000000000395       0x2d ./USB_DEVICE/Target/usbd_conf.o
 .ARM.attributes
                0x00000000000003c2       0x2d C:/ST/STM32CubeIDE_1.13.2/STM32CubeIDE/plugins/com.st.stm32cube.ide.mcu.externaltools.gnu-tools-for-stm32.11.3.rel1.win32_1.1.1.202309131626/tools/bin/../lib/gcc/arm-none-eabi/11.3.1/../../../../arm-none-eabi/lib/thumb/v7-m/nofp\libc_nano.a(libc_a-memset.o)
 .ARM.attributes
                0x00000000000003ef       0x2d C:/ST/STM32CubeIDE_1.13.2/STM32CubeIDE/plugins/com.st.stm32cube.ide.mcu.externaltools.gnu-tools-for-stm32.11.3.rel1.win32_1.1.1.202309131626/tools/bin/../lib/gcc/arm-none-eabi/11.3.1/../../../../arm-none-eabi/lib/thumb/v7-m/nofp\libc_nano.a(libc_a-init.o)
 .ARM.attributes
                0x000000000000041c       0x17 C:/ST/STM32CubeIDE_1.13.2/STM32CubeIDE/plugins/com.st.stm32cube.ide.mcu.externaltools.gnu-tools-for-stm32.11.3.rel1.win32_1.1.1.202309131626/tools/bin/../lib/gcc/arm-none-eabi/11.3.1/../../../../arm-none-eabi/lib/thumb/v7-m/nofp\libc_nano.a(libc_a-strlen.o)
 .ARM.attributes
                0x0000000000000433       0x1d C:/ST/STM32CubeIDE_1.13.2/STM32CubeIDE/plugins/com.st.stm32cube.ide.mcu.externaltools.gnu-tools-for-stm32.11.3.rel1.win32_1.1.1.202309131626/tools/bin/../lib/gcc/arm-none-eabi/11.3.1/thumb/v7-m/nofp/crtn.o
OUTPUT(PrintOnSerialMonitor.elf elf32-littlearm)
LOAD linker stubs
LOAD C:/ST/STM32CubeIDE_1.13.2/STM32CubeIDE/plugins/com.st.stm32cube.ide.mcu.externaltools.gnu-tools-for-stm32.11.3.rel1.win32_1.1.1.202309131626/tools/bin/../lib/gcc/arm-none-eabi/11.3.1/../../../../arm-none-eabi/lib/thumb/v7-m/nofp\libc.a
LOAD C:/ST/STM32CubeIDE_1.13.2/STM32CubeIDE/plugins/com.st.stm32cube.ide.mcu.externaltools.gnu-tools-for-stm32.11.3.rel1.win32_1.1.1.202309131626/tools/bin/../lib/gcc/arm-none-eabi/11.3.1/../../../../arm-none-eabi/lib/thumb/v7-m/nofp\libm.a
LOAD C:/ST/STM32CubeIDE_1.13.2/STM32CubeIDE/plugins/com.st.stm32cube.ide.mcu.externaltools.gnu-tools-for-stm32.11.3.rel1.win32_1.1.1.202309131626/tools/bin/../lib/gcc/arm-none-eabi/11.3.1/thumb/v7-m/nofp\libgcc.a

.comment        0x0000000000000000       0x43
 .comment       0x0000000000000000       0x43 C:/ST/STM32CubeIDE_1.13.2/STM32CubeIDE/plugins/com.st.stm32cube.ide.mcu.externaltools.gnu-tools-for-stm32.11.3.rel1.win32_1.1.1.202309131626/tools/bin/../lib/gcc/arm-none-eabi/11.3.1/thumb/v7-m/nofp/crtbegin.o
                                         0x44 (size before relaxing)
 .comment       0x0000000000000043       0x44 ./Core/Src/main.o
 .comment       0x0000000000000043       0x44 ./Core/Src/stm32f1xx_hal_msp.o
 .comment       0x0000000000000043       0x44 ./Core/Src/stm32f1xx_it.o
 .comment       0x0000000000000043       0x44 ./Core/Src/system_stm32f1xx.o
 .comment       0x0000000000000043       0x44 ./Drivers/STM32F1xx_HAL_Driver/Src/stm32f1xx_hal.o
 .comment       0x0000000000000043       0x44 ./Drivers/STM32F1xx_HAL_Driver/Src/stm32f1xx_hal_cortex.o
 .comment       0x0000000000000043       0x44 ./Drivers/STM32F1xx_HAL_Driver/Src/stm32f1xx_hal_pcd.o
 .comment       0x0000000000000043       0x44 ./Drivers/STM32F1xx_HAL_Driver/Src/stm32f1xx_hal_pcd_ex.o
 .comment       0x0000000000000043       0x44 ./Drivers/STM32F1xx_HAL_Driver/Src/stm32f1xx_hal_rcc.o
 .comment       0x0000000000000043       0x44 ./Drivers/STM32F1xx_HAL_Driver/Src/stm32f1xx_hal_rcc_ex.o
 .comment       0x0000000000000043       0x44 ./Drivers/STM32F1xx_HAL_Driver/Src/stm32f1xx_ll_usb.o
 .comment       0x0000000000000043       0x44 ./Middlewares/ST/STM32_USB_Device_Library/Class/CDC/Src/usbd_cdc.o
 .comment       0x0000000000000043       0x44 ./Middlewares/ST/STM32_USB_Device_Library/Core/Src/usbd_core.o
 .comment       0x0000000000000043       0x44 ./Middlewares/ST/STM32_USB_Device_Library/Core/Src/usbd_ctlreq.o
 .comment       0x0000000000000043       0x44 ./Middlewares/ST/STM32_USB_Device_Library/Core/Src/usbd_ioreq.o
 .comment       0x0000000000000043       0x44 ./USB_DEVICE/App/usb_device.o
 .comment       0x0000000000000043       0x44 ./USB_DEVICE/App/usbd_cdc_if.o
 .comment       0x0000000000000043       0x44 ./USB_DEVICE/App/usbd_desc.o
 .comment       0x0000000000000043       0x44 ./USB_DEVICE/Target/usbd_conf.o

.debug_info     0x0000000000000000     0xb7bd
 .debug_info    0x0000000000000000      0x645 ./Core/Src/main.o
 .debug_info    0x0000000000000645      0x1f1 ./Core/Src/stm32f1xx_hal_msp.o
 .debug_info    0x0000000000000836      0x5f5 ./Core/Src/stm32f1xx_it.o
 .debug_info    0x0000000000000e2b      0x222 ./Core/Src/system_stm32f1xx.o
 .debug_info    0x000000000000104d       0x23 ./Core/Startup/startup_stm32f103c8tx.o
 .debug_info    0x0000000000001070      0x704 ./Drivers/STM32F1xx_HAL_Driver/Src/stm32f1xx_hal.o
 .debug_info    0x0000000000001774      0xa87 ./Drivers/STM32F1xx_HAL_Driver/Src/stm32f1xx_hal_cortex.o
 .debug_info    0x00000000000021fb     0x16cf ./Drivers/STM32F1xx_HAL_Driver/Src/stm32f1xx_hal_pcd.o
 .debug_info    0x00000000000038ca      0x6b6 ./Drivers/STM32F1xx_HAL_Driver/Src/stm32f1xx_hal_pcd_ex.o
 .debug_info    0x0000000000003f80      0x7d5 ./Drivers/STM32F1xx_HAL_Driver/Src/stm32f1xx_hal_rcc.o
 .debug_info    0x0000000000004755      0x3c0 ./Drivers/STM32F1xx_HAL_Driver/Src/stm32f1xx_hal_rcc_ex.o
 .debug_info    0x0000000000004b15     0x17a2 ./Drivers/STM32F1xx_HAL_Driver/Src/stm32f1xx_ll_usb.o
 .debug_info    0x00000000000062b7     0x1036 ./Middlewares/ST/STM32_USB_Device_Library/Class/CDC/Src/usbd_cdc.o
 .debug_info    0x00000000000072ed      0xa52 ./Middlewares/ST/STM32_USB_Device_Library/Core/Src/usbd_core.o
 .debug_info    0x0000000000007d3f      0x91c ./Middlewares/ST/STM32_USB_Device_Library/Core/Src/usbd_ctlreq.o
 .debug_info    0x000000000000865b      0x6a0 ./Middlewares/ST/STM32_USB_Device_Library/Core/Src/usbd_ioreq.o
 .debug_info    0x0000000000008cfb      0x63d ./USB_DEVICE/App/usb_device.o
 .debug_info    0x0000000000009338      0x7e4 ./USB_DEVICE/App/usbd_cdc_if.o
 .debug_info    0x0000000000009b1c      0x44a ./USB_DEVICE/App/usbd_desc.o
 .debug_info    0x0000000000009f66     0x1857 ./USB_DEVICE/Target/usbd_conf.o

.debug_abbrev   0x0000000000000000     0x277c
 .debug_abbrev  0x0000000000000000      0x231 ./Core/Src/main.o
 .debug_abbrev  0x0000000000000231       0xdb ./Core/Src/stm32f1xx_hal_msp.o
 .debug_abbrev  0x000000000000030c      0x192 ./Core/Src/stm32f1xx_it.o
 .debug_abbrev  0x000000000000049e      0x13f ./Core/Src/system_stm32f1xx.o
 .debug_abbrev  0x00000000000005dd       0x12 ./Core/Startup/startup_stm32f103c8tx.o
 .debug_abbrev  0x00000000000005ef      0x201 ./Drivers/STM32F1xx_HAL_Driver/Src/stm32f1xx_hal.o
 .debug_abbrev  0x00000000000007f0      0x2f8 ./Drivers/STM32F1xx_HAL_Driver/Src/stm32f1xx_hal_cortex.o
 .debug_abbrev  0x0000000000000ae8      0x2d6 ./Drivers/STM32F1xx_HAL_Driver/Src/stm32f1xx_hal_pcd.o
 .debug_abbrev  0x0000000000000dbe      0x189 ./Drivers/STM32F1xx_HAL_Driver/Src/stm32f1xx_hal_pcd_ex.o
 .debug_abbrev  0x0000000000000f47      0x2b3 ./Drivers/STM32F1xx_HAL_Driver/Src/stm32f1xx_hal_rcc.o
 .debug_abbrev  0x00000000000011fa      0x188 ./Drivers/STM32F1xx_HAL_Driver/Src/stm32f1xx_hal_rcc_ex.o
 .debug_abbrev  0x0000000000001382      0x1de ./Drivers/STM32F1xx_HAL_Driver/Src/stm32f1xx_ll_usb.o
 .debug_abbrev  0x0000000000001560      0x2d3 ./Middlewares/ST/STM32_USB_Device_Library/Class/CDC/Src/usbd_cdc.o
 .debug_abbrev  0x0000000000001833      0x24a ./Middlewares/ST/STM32_USB_Device_Library/Core/Src/usbd_core.o
 .debug_abbrev  0x0000000000001a7d      0x26b ./Middlewares/ST/STM32_USB_Device_Library/Core/Src/usbd_ctlreq.o
 .debug_abbrev  0x0000000000001ce8      0x192 ./Middlewares/ST/STM32_USB_Device_Library/Core/Src/usbd_ioreq.o
 .debug_abbrev  0x0000000000001e7a      0x18d ./USB_DEVICE/App/usb_device.o
 .debug_abbrev  0x0000000000002007      0x260 ./USB_DEVICE/App/usbd_cdc_if.o
 .debug_abbrev  0x0000000000002267      0x1ff ./USB_DEVICE/App/usbd_desc.o
 .debug_abbrev  0x0000000000002466      0x316 ./USB_DEVICE/Target/usbd_conf.o

.debug_aranges  0x0000000000000000      0xa20
 .debug_aranges
                0x0000000000000000       0x40 ./Core/Src/main.o
 .debug_aranges
                0x0000000000000040       0x20 ./Core/Src/stm32f1xx_hal_msp.o
 .debug_aranges
                0x0000000000000060       0x68 ./Core/Src/stm32f1xx_it.o
 .debug_aranges
                0x00000000000000c8       0x28 ./Core/Src/system_stm32f1xx.o
 .debug_aranges
                0x00000000000000f0       0x28 ./Core/Startup/startup_stm32f103c8tx.o
 .debug_aranges
                0x0000000000000118       0xe0 ./Drivers/STM32F1xx_HAL_Driver/Src/stm32f1xx_hal.o
 .debug_aranges
                0x00000000000001f8      0x100 ./Drivers/STM32F1xx_HAL_Driver/Src/stm32f1xx_hal_cortex.o
 .debug_aranges
                0x00000000000002f8      0x140 ./Drivers/STM32F1xx_HAL_Driver/Src/stm32f1xx_hal_pcd.o
 .debug_aranges
                0x0000000000000438       0x38 ./Drivers/STM32F1xx_HAL_Driver/Src/stm32f1xx_hal_pcd_ex.o
 .debug_aranges
                0x0000000000000470       0x90 ./Drivers/STM32F1xx_HAL_Driver/Src/stm32f1xx_hal_rcc.o
 .debug_aranges
                0x0000000000000500       0x30 ./Drivers/STM32F1xx_HAL_Driver/Src/stm32f1xx_hal_rcc_ex.o
 .debug_aranges
                0x0000000000000530       0xf8 ./Drivers/STM32F1xx_HAL_Driver/Src/stm32f1xx_ll_usb.o
 .debug_aranges
                0x0000000000000628       0x90 ./Middlewares/ST/STM32_USB_Device_Library/Class/CDC/Src/usbd_cdc.o
 .debug_aranges
                0x00000000000006b8       0xb8 ./Middlewares/ST/STM32_USB_Device_Library/Core/Src/usbd_core.o
 .debug_aranges
                0x0000000000000770       0x88 ./Middlewares/ST/STM32_USB_Device_Library/Core/Src/usbd_ctlreq.o
 .debug_aranges
                0x00000000000007f8       0x50 ./Middlewares/ST/STM32_USB_Device_Library/Core/Src/usbd_ioreq.o
 .debug_aranges
                0x0000000000000848       0x20 ./USB_DEVICE/App/usb_device.o
 .debug_aranges
                0x0000000000000868       0x40 ./USB_DEVICE/App/usbd_cdc_if.o
 .debug_aranges
                0x00000000000008a8       0x60 ./USB_DEVICE/App/usbd_desc.o
 .debug_aranges
                0x0000000000000908      0x118 ./USB_DEVICE/Target/usbd_conf.o

.debug_rnglists
                0x0000000000000000      0x761
 .debug_rnglists
                0x0000000000000000       0x2e ./Core/Src/main.o
 .debug_rnglists
                0x000000000000002e       0x13 ./Core/Src/stm32f1xx_hal_msp.o
 .debug_rnglists
                0x0000000000000041       0x49 ./Core/Src/stm32f1xx_it.o
 .debug_rnglists
                0x000000000000008a       0x1a ./Core/Src/system_stm32f1xx.o
 .debug_rnglists
                0x00000000000000a4       0x19 ./Core/Startup/startup_stm32f103c8tx.o
 .debug_rnglists
                0x00000000000000bd       0xa3 ./Drivers/STM32F1xx_HAL_Driver/Src/stm32f1xx_hal.o
 .debug_rnglists
                0x0000000000000160       0xbb ./Drivers/STM32F1xx_HAL_Driver/Src/stm32f1xx_hal_cortex.o
 .debug_rnglists
                0x000000000000021b       0xf4 ./Drivers/STM32F1xx_HAL_Driver/Src/stm32f1xx_hal_pcd.o
 .debug_rnglists
                0x000000000000030f       0x26 ./Drivers/STM32F1xx_HAL_Driver/Src/stm32f1xx_hal_pcd_ex.o
 .debug_rnglists
                0x0000000000000335       0x6c ./Drivers/STM32F1xx_HAL_Driver/Src/stm32f1xx_hal_rcc.o
 .debug_rnglists
                0x00000000000003a1       0x21 ./Drivers/STM32F1xx_HAL_Driver/Src/stm32f1xx_hal_rcc_ex.o
 .debug_rnglists
                0x00000000000003c2       0xbd ./Drivers/STM32F1xx_HAL_Driver/Src/stm32f1xx_ll_usb.o
 .debug_rnglists
                0x000000000000047f       0x6a ./Middlewares/ST/STM32_USB_Device_Library/Class/CDC/Src/usbd_cdc.o
 .debug_rnglists
                0x00000000000004e9       0x89 ./Middlewares/ST/STM32_USB_Device_Library/Core/Src/usbd_core.o
 .debug_rnglists
                0x0000000000000572       0x68 ./Middlewares/ST/STM32_USB_Device_Library/Core/Src/usbd_ctlreq.o
 .debug_rnglists
                0x00000000000005da       0x37 ./Middlewares/ST/STM32_USB_Device_Library/Core/Src/usbd_ioreq.o
 .debug_rnglists
                0x0000000000000611       0x13 ./USB_DEVICE/App/usb_device.o
 .debug_rnglists
                0x0000000000000624       0x2c ./USB_DEVICE/App/usbd_cdc_if.o
 .debug_rnglists
                0x0000000000000650       0x43 ./USB_DEVICE/App/usbd_desc.o
 .debug_rnglists
                0x0000000000000693       0xce ./USB_DEVICE/Target/usbd_conf.o

.debug_macro    0x0000000000000000    0x18e2f
 .debug_macro   0x0000000000000000      0x36c ./Core/Src/main.o
 .debug_macro   0x000000000000036c      0xa9c ./Core/Src/main.o
 .debug_macro   0x0000000000000e08      0x215 ./Core/Src/main.o
 .debug_macro   0x000000000000101d       0x2e ./Core/Src/main.o
 .debug_macro   0x000000000000104b       0x22 ./Core/Src/main.o
 .debug_macro   0x000000000000106d       0x22 ./Core/Src/main.o
 .debug_macro   0x000000000000108f       0x8e ./Core/Src/main.o
 .debug_macro   0x000000000000111d       0x51 ./Core/Src/main.o
 .debug_macro   0x000000000000116e      0x103 ./Core/Src/main.o
 .debug_macro   0x0000000000001271       0x6a ./Core/Src/main.o
 .debug_macro   0x00000000000012db      0x1df ./Core/Src/main.o
 .debug_macro   0x00000000000014ba       0x1c ./Core/Src/main.o
 .debug_macro   0x00000000000014d6       0x22 ./Core/Src/main.o
 .debug_macro   0x00000000000014f8       0xbd ./Core/Src/main.o
 .debug_macro   0x00000000000015b5      0xd23 ./Core/Src/main.o
 .debug_macro   0x00000000000022d8     0xe09e ./Core/Src/main.o
 .debug_macro   0x0000000000010376       0x6d ./Core/Src/main.o
 .debug_macro   0x00000000000103e3     0x348d ./Core/Src/main.o
 .debug_macro   0x0000000000013870      0x174 ./Core/Src/main.o
 .debug_macro   0x00000000000139e4       0x5c ./Core/Src/main.o
 .debug_macro   0x0000000000013a40      0x5bc ./Core/Src/main.o
 .debug_macro   0x0000000000013ffc      0x289 ./Core/Src/main.o
 .debug_macro   0x0000000000014285      0x1cb ./Core/Src/main.o
 .debug_macro   0x0000000000014450      0x114 ./Core/Src/main.o
 .debug_macro   0x0000000000014564      0x1b2 ./Core/Src/main.o
 .debug_macro   0x0000000000014716       0x27 ./Core/Src/main.o
 .debug_macro   0x000000000001473d      0x136 ./Core/Src/main.o
 .debug_macro   0x0000000000014873      0x1bc ./Core/Src/main.o
 .debug_macro   0x0000000000014a2f       0x34 ./Core/Src/main.o
 .debug_macro   0x0000000000014a63       0x3c ./Core/Src/main.o
 .debug_macro   0x0000000000014a9f       0x57 ./Core/Src/main.o
 .debug_macro   0x0000000000014af6       0x87 ./Core/Src/main.o
 .debug_macro   0x0000000000014b7d      0x240 ./Core/Src/main.o
 .debug_macro   0x0000000000014dbd      0x140 ./Core/Src/main.o
 .debug_macro   0x0000000000014efd       0xab ./Core/Src/main.o
 .debug_macro   0x0000000000014fa8      0x242 ./Core/Src/main.o
 .debug_macro   0x00000000000151ea       0x83 ./Core/Src/main.o
 .debug_macro   0x000000000001526d       0x61 ./Core/Src/main.o
 .debug_macro   0x00000000000152ce       0x24 ./Core/Src/main.o
 .debug_macro   0x00000000000152f2       0x43 ./Core/Src/main.o
 .debug_macro   0x0000000000015335       0x34 ./Core/Src/main.o
 .debug_macro   0x0000000000015369       0x16 ./Core/Src/main.o
 .debug_macro   0x000000000001537f       0x35 ./Core/Src/main.o
 .debug_macro   0x00000000000153b4      0x369 ./Core/Src/main.o
 .debug_macro   0x000000000001571d       0x10 ./Core/Src/main.o
 .debug_macro   0x000000000001572d       0x16 ./Core/Src/main.o
 .debug_macro   0x0000000000015743       0x43 ./Core/Src/main.o
 .debug_macro   0x0000000000015786       0x34 ./Core/Src/main.o
 .debug_macro   0x00000000000157ba       0x10 ./Core/Src/main.o
 .debug_macro   0x00000000000157ca       0x58 ./Core/Src/main.o
 .debug_macro   0x0000000000015822       0x8e ./Core/Src/main.o
 .debug_macro   0x00000000000158b0       0x1c ./Core/Src/main.o
 .debug_macro   0x00000000000158cc      0x177 ./Core/Src/main.o
 .debug_macro   0x0000000000015a43       0x16 ./Core/Src/main.o
 .debug_macro   0x0000000000015a59       0x16 ./Core/Src/main.o
 .debug_macro   0x0000000000015a6f      0x147 ./Core/Src/main.o
 .debug_macro   0x0000000000015bb6       0x16 ./Core/Src/main.o
 .debug_macro   0x0000000000015bcc       0x16 ./Core/Src/main.o
 .debug_macro   0x0000000000015be2       0x29 ./Core/Src/main.o
 .debug_macro   0x0000000000015c0b       0x16 ./Core/Src/main.o
 .debug_macro   0x0000000000015c21       0x20 ./Core/Src/main.o
 .debug_macro   0x0000000000015c41       0x5f ./Core/Src/main.o
 .debug_macro   0x0000000000015ca0      0x1c8 ./Core/Src/main.o
 .debug_macro   0x0000000000015e68       0x8f ./Core/Src/main.o
 .debug_macro   0x0000000000015ef7       0x10 ./Core/Src/main.o
 .debug_macro   0x0000000000015f07      0x1b2 ./Core/Src/stm32f1xx_hal_msp.o
 .debug_macro   0x00000000000160b9      0x1bc ./Core/Src/stm32f1xx_it.o
 .debug_macro   0x0000000000016275      0x1a8 ./Core/Src/system_stm32f1xx.o
 .debug_macro   0x000000000001641d      0x1cc ./Drivers/STM32F1xx_HAL_Driver/Src/stm32f1xx_hal.o
 .debug_macro   0x00000000000165e9      0x1a8 ./Drivers/STM32F1xx_HAL_Driver/Src/stm32f1xx_hal_cortex.o
 .debug_macro   0x0000000000016791      0x1b4 ./Drivers/STM32F1xx_HAL_Driver/Src/stm32f1xx_hal_pcd.o
 .debug_macro   0x0000000000016945      0x1a8 ./Drivers/STM32F1xx_HAL_Driver/Src/stm32f1xx_hal_pcd_ex.o
 .debug_macro   0x0000000000016aed      0x1ba ./Drivers/STM32F1xx_HAL_Driver/Src/stm32f1xx_hal_rcc.o
 .debug_macro   0x0000000000016ca7      0x1a8 ./Drivers/STM32F1xx_HAL_Driver/Src/stm32f1xx_hal_rcc_ex.o
 .debug_macro   0x0000000000016e4f      0x1a8 ./Drivers/STM32F1xx_HAL_Driver/Src/stm32f1xx_ll_usb.o
 .debug_macro   0x0000000000016ff7      0x341 ./Middlewares/ST/STM32_USB_Device_Library/Class/CDC/Src/usbd_cdc.o
 .debug_macro   0x0000000000017338       0x97 ./Middlewares/ST/STM32_USB_Device_Library/Class/CDC/Src/usbd_cdc.o
 .debug_macro   0x00000000000173cf       0xfd ./Middlewares/ST/STM32_USB_Device_Library/Class/CDC/Src/usbd_cdc.o
 .debug_macro   0x00000000000174cc       0x56 ./Middlewares/ST/STM32_USB_Device_Library/Class/CDC/Src/usbd_cdc.o
 .debug_macro   0x0000000000017522      0x328 ./Middlewares/ST/STM32_USB_Device_Library/Core/Src/usbd_core.o
 .debug_macro   0x000000000001784a      0x1ce ./Middlewares/ST/STM32_USB_Device_Library/Core/Src/usbd_core.o
 .debug_macro   0x0000000000017a18      0x332 ./Middlewares/ST/STM32_USB_Device_Library/Core/Src/usbd_ctlreq.o
 .debug_macro   0x0000000000017d4a      0x32e ./Middlewares/ST/STM32_USB_Device_Library/Core/Src/usbd_ioreq.o
 .debug_macro   0x0000000000018078      0x367 ./USB_DEVICE/App/usb_device.o
 .debug_macro   0x00000000000183df       0x22 ./USB_DEVICE/App/usb_device.o
 .debug_macro   0x0000000000018401       0x16 ./USB_DEVICE/App/usb_device.o
 .debug_macro   0x0000000000018417      0x34c ./USB_DEVICE/App/usbd_cdc_if.o
 .debug_macro   0x0000000000018763      0x365 ./USB_DEVICE/App/usbd_desc.o
 .debug_macro   0x0000000000018ac8       0x1c ./USB_DEVICE/App/usbd_desc.o
 .debug_macro   0x0000000000018ae4      0x34b ./USB_DEVICE/Target/usbd_conf.o

.debug_line     0x0000000000000000     0xd988
 .debug_line    0x0000000000000000      0xaf1 ./Core/Src/main.o
 .debug_line    0x0000000000000af1      0x6fc ./Core/Src/stm32f1xx_hal_msp.o
 .debug_line    0x00000000000011ed      0x7d5 ./Core/Src/stm32f1xx_it.o
 .debug_line    0x00000000000019c2      0x779 ./Core/Src/system_stm32f1xx.o
 .debug_line    0x000000000000213b       0x78 ./Core/Startup/startup_stm32f103c8tx.o
 .debug_line    0x00000000000021b3      0x9a6 ./Drivers/STM32F1xx_HAL_Driver/Src/stm32f1xx_hal.o
 .debug_line    0x0000000000002b59      0xb8e ./Drivers/STM32F1xx_HAL_Driver/Src/stm32f1xx_hal_cortex.o
 .debug_line    0x00000000000036e7     0x13d4 ./Drivers/STM32F1xx_HAL_Driver/Src/stm32f1xx_hal_pcd.o
 .debug_line    0x0000000000004abb      0x774 ./Drivers/STM32F1xx_HAL_Driver/Src/stm32f1xx_hal_pcd_ex.o
 .debug_line    0x000000000000522f      0xdaf ./Drivers/STM32F1xx_HAL_Driver/Src/stm32f1xx_hal_rcc.o
 .debug_line    0x0000000000005fde      0x8ea ./Drivers/STM32F1xx_HAL_Driver/Src/stm32f1xx_hal_rcc_ex.o
 .debug_line    0x00000000000068c8     0x105b ./Drivers/STM32F1xx_HAL_Driver/Src/stm32f1xx_ll_usb.o
 .debug_line    0x0000000000007923      0xcfc ./Middlewares/ST/STM32_USB_Device_Library/Class/CDC/Src/usbd_cdc.o
 .debug_line    0x000000000000861f      0xd78 ./Middlewares/ST/STM32_USB_Device_Library/Core/Src/usbd_core.o
 .debug_line    0x0000000000009397      0xfb5 ./Middlewares/ST/STM32_USB_Device_Library/Core/Src/usbd_ctlreq.o
 .debug_line    0x000000000000a34c      0xa0e ./Middlewares/ST/STM32_USB_Device_Library/Core/Src/usbd_ioreq.o
 .debug_line    0x000000000000ad5a      0x9ce ./USB_DEVICE/App/usb_device.o
 .debug_line    0x000000000000b728      0xa16 ./USB_DEVICE/App/usbd_cdc_if.o
 .debug_line    0x000000000000c13e      0xa97 ./USB_DEVICE/App/usbd_desc.o
 .debug_line    0x000000000000cbd5      0xdb3 ./USB_DEVICE/Target/usbd_conf.o

.debug_str      0x0000000000000000    0x84250
 .debug_str     0x0000000000000000    0x81af5 ./Core/Src/main.o
                                      0x81e9e (size before relaxing)
 .debug_str     0x0000000000081af5       0x61 ./Core/Src/stm32f1xx_hal_msp.o
                                      0x7d60e (size before relaxing)
 .debug_str     0x0000000000081b56      0x408 ./Core/Src/stm32f1xx_it.o
                                      0x7d9e2 (size before relaxing)
 .debug_str     0x0000000000081f5e       0x7e ./Core/Src/system_stm32f1xx.o
                                      0x7d639 (size before relaxing)
 .debug_str     0x0000000000081fdc       0x34 ./Core/Startup/startup_stm32f103c8tx.o
                                         0x87 (size before relaxing)
 .debug_str     0x0000000000082010      0x607 ./Drivers/STM32F1xx_HAL_Driver/Src/stm32f1xx_hal.o
                                      0x7dd6c (size before relaxing)
 .debug_str     0x0000000000082617      0x293 ./Drivers/STM32F1xx_HAL_Driver/Src/stm32f1xx_hal_cortex.o
                                      0x7dcb8 (size before relaxing)
 .debug_str     0x00000000000828aa      0x5da ./Drivers/STM32F1xx_HAL_Driver/Src/stm32f1xx_hal_pcd.o
                                      0x7df4b (size before relaxing)
 .debug_str     0x0000000000082e84      0x170 ./Drivers/STM32F1xx_HAL_Driver/Src/stm32f1xx_hal_pcd_ex.o
                                      0x7daad (size before relaxing)
 .debug_str     0x0000000000082ff4      0x24d ./Drivers/STM32F1xx_HAL_Driver/Src/stm32f1xx_hal_rcc.o
                                      0x7da68 (size before relaxing)
 .debug_str     0x0000000000083241       0x9f ./Drivers/STM32F1xx_HAL_Driver/Src/stm32f1xx_hal_rcc_ex.o
                                      0x7d7b8 (size before relaxing)
 .debug_str     0x00000000000832e0      0x129 ./Drivers/STM32F1xx_HAL_Driver/Src/stm32f1xx_ll_usb.o
                                      0x7daff (size before relaxing)
 .debug_str     0x0000000000083409      0x645 ./Middlewares/ST/STM32_USB_Device_Library/Class/CDC/Src/usbd_cdc.o
                                      0x8252d (size before relaxing)
 .debug_str     0x0000000000083a4e      0x281 ./Middlewares/ST/STM32_USB_Device_Library/Core/Src/usbd_core.o
                                      0x81e68 (size before relaxing)
 .debug_str     0x0000000000083ccf      0x120 ./Middlewares/ST/STM32_USB_Device_Library/Core/Src/usbd_ctlreq.o
                                      0x81d82 (size before relaxing)
 .debug_str     0x0000000000083def       0x51 ./Middlewares/ST/STM32_USB_Device_Library/Core/Src/usbd_ioreq.o
                                      0x81caf (size before relaxing)
 .debug_str     0x0000000000083e40       0xc6 ./USB_DEVICE/App/usb_device.o
                                      0x8203a (size before relaxing)
 .debug_str     0x0000000000083f06       0x7d ./USB_DEVICE/App/usbd_cdc_if.o
                                      0x82060 (size before relaxing)
 .debug_str     0x0000000000083f83      0x255 ./USB_DEVICE/App/usbd_desc.o
                                      0x81be8 (size before relaxing)
 .debug_str     0x00000000000841d8       0x78 ./USB_DEVICE/Target/usbd_conf.o
                                      0x82aba (size before relaxing)

.debug_frame    0x0000000000000000     0x26c8
 .debug_frame   0x0000000000000000       0xbc ./Core/Src/main.o
 .debug_frame   0x00000000000000bc       0x38 ./Core/Src/stm32f1xx_hal_msp.o
 .debug_frame   0x00000000000000f4      0x120 ./Core/Src/stm32f1xx_it.o
 .debug_frame   0x0000000000000214       0x58 ./Core/Src/system_stm32f1xx.o
 .debug_frame   0x000000000000026c      0x334 ./Drivers/STM32F1xx_HAL_Driver/Src/stm32f1xx_hal.o
 .debug_frame   0x00000000000005a0      0x428 ./Drivers/STM32F1xx_HAL_Driver/Src/stm32f1xx_hal_cortex.o
 .debug_frame   0x00000000000009c8      0x59c ./Drivers/STM32F1xx_HAL_Driver/Src/stm32f1xx_hal_pcd.o
 .debug_frame   0x0000000000000f64       0xb0 ./Drivers/STM32F1xx_HAL_Driver/Src/stm32f1xx_hal_pcd_ex.o
 .debug_frame   0x0000000000001014      0x218 ./Drivers/STM32F1xx_HAL_Driver/Src/stm32f1xx_hal_rcc.o
 .debug_frame   0x000000000000122c       0x80 ./Drivers/STM32F1xx_HAL_Driver/Src/stm32f1xx_hal_rcc_ex.o
 .debug_frame   0x00000000000012ac      0x478 ./Drivers/STM32F1xx_HAL_Driver/Src/stm32f1xx_ll_usb.o
 .debug_frame   0x0000000000001724      0x248 ./Middlewares/ST/STM32_USB_Device_Library/Class/CDC/Src/usbd_cdc.o
 .debug_frame   0x000000000000196c      0x300 ./Middlewares/ST/STM32_USB_Device_Library/Core/Src/usbd_core.o
 .debug_frame   0x0000000000001c6c      0x218 ./Middlewares/ST/STM32_USB_Device_Library/Core/Src/usbd_ctlreq.o
 .debug_frame   0x0000000000001e84      0x10c ./Middlewares/ST/STM32_USB_Device_Library/Core/Src/usbd_ioreq.o
 .debug_frame   0x0000000000001f90       0x2c ./USB_DEVICE/App/usb_device.o
 .debug_frame   0x0000000000001fbc       0xbc ./USB_DEVICE/App/usbd_cdc_if.o
 .debug_frame   0x0000000000002078      0x160 ./USB_DEVICE/App/usbd_desc.o
 .debug_frame   0x00000000000021d8      0x4a4 ./USB_DEVICE/Target/usbd_conf.o
 .debug_frame   0x000000000000267c       0x20 C:/ST/STM32CubeIDE_1.13.2/STM32CubeIDE/plugins/com.st.stm32cube.ide.mcu.externaltools.gnu-tools-for-stm32.11.3.rel1.win32_1.1.1.202309131626/tools/bin/../lib/gcc/arm-none-eabi/11.3.1/../../../../arm-none-eabi/lib/thumb/v7-m/nofp\libc_nano.a(libc_a-memset.o)
 .debug_frame   0x000000000000269c       0x2c C:/ST/STM32CubeIDE_1.13.2/STM32CubeIDE/plugins/com.st.stm32cube.ide.mcu.externaltools.gnu-tools-for-stm32.11.3.rel1.win32_1.1.1.202309131626/tools/bin/../lib/gcc/arm-none-eabi/11.3.1/../../../../arm-none-eabi/lib/thumb/v7-m/nofp\libc_nano.a(libc_a-init.o)

.debug_line_str
                0x0000000000000000       0x7b
 .debug_line_str
                0x0000000000000000       0x7b ./Core/Startup/startup_stm32f103c8tx.o
                                         0x93 (size before relaxing)
